current directory: /Users/jabinnendyk/Desktop/Home/Github/Jabinnendyk.github.io/vendor/bundle/ruby/4.0.0/gems/commonmarker-0.17.13/ext/commonmarker
/opt/homebrew/opt/ruby/bin/ruby extconf.rb
creating Makefile

current directory: /Users/jabinnendyk/Desktop/Home/Github/Jabinnendyk.github.io/vendor/bundle/ruby/4.0.0/gems/commonmarker-0.17.13/ext/commonmarker
make -j3 DESTDIR\= sitearchdir\=./.gem.20260914-77049-tl5a7b sitelibdir\=./.gem.20260914-77049-tl5a7b clean

current directory: /Users/jabinnendyk/Desktop/Home/Github/Jabinnendyk.github.io/vendor/bundle/ruby/4.0.0/gems/commonmarker-0.17.13/ext/commonmarker
make -j3 DESTDIR\= sitearchdir\=./.gem.20260914-77049-tl5a7b sitelibdir\=./.gem.20260914-77049-tl5a7b
compiling arena.c
compiling autolink.c
compiling blocks.c
blocks.c:1443:5: warning: 'CMARK_DEBUG_NODES' is not defined, evaluates to 0 [-Wundef]
 1443 | #if CMARK_DEBUG_NODES
      |     ^
compiling buffer.c
compiling cmark.c
compiling cmark_ctype.c
compiling commonmark.c
commonmark.c:409:18: warning: assigning to 'char *' from 'const char[2]' discards qualifiers [-Wincompatible-pointer-types-discards-qualifiers]
  409 |       emph_delim = "_";
      |                  ^ ~~~
commonmark.c:411:18: warning: assigning to 'char *' from 'const char[2]' discards qualifiers [-Wincompatible-pointer-types-discards-qualifiers]
  411 |       emph_delim = "*";
      |                  ^ ~~~
compiling commonmarker.c
2 warnings generated.
compiling core-extensions.c
1 warning generated.
compiling ext_scanners.c
In file included from commonmarker.c:3:
In file included from ./houdini.h:9:
./config.h:8:9: warning: 'HAVE_STDBOOL_H' macro redefined [-Wmacro-redefined]
    8 | #define HAVE_STDBOOL_H
      |         ^
/opt/homebrew/Cellar/ruby/4.0.6_1/include/ruby-4.0.0/arm64-darwin27/ruby/config.h:45:9: note: previous definition is here
   45 | #define HAVE_STDBOOL_H 1
      |         ^
commonmarker.c:97:9: warning: 'rb_data_object_wrap_warning' is deprecated: by TypedData [-Wdeprecated-declarations]
   97 |   val = Data_Wrap_Struct(rb_mNode, rb_mark_c_struct, free_func, node);
      |         ^
/opt/homebrew/Cellar/ruby/4.0.6_1/include/ruby-4.0.0/ruby/internal/core/rdata.h:202:5: note: expanded from macro 'Data_Wrap_Struct'
  202 |     rb_data_object_wrap(                          \
      |     ^
/opt/homebrew/Cellar/ruby/4.0.6_1/include/ruby-4.0.0/ruby/internal/core/rdata.h:366:31: note: expanded from macro 'rb_data_object_wrap'
  366 | #define rb_data_object_wrap   RUBY_MACRO_SELECT(rb_data_object_wrap_2, RUBY_UNTYPED_DATA_WARNING)
      |                               ^
/opt/homebrew/Cellar/ruby/4.0.6_1/include/ruby-4.0.0/ruby/internal/core/rdata.h:50:35: note: expanded from macro 'RUBY_MACRO_SELECT'
   50 | #define RUBY_MACRO_SELECT(x, y)   RBIMPL_MACRO_SELECT(x, y)
      |                                   ^
/opt/homebrew/Cellar/ruby/4.0.6_1/include/ruby-4.0.0/ruby/internal/core/rdata.h:49:35: note: expanded from macro 'RBIMPL_MACRO_SELECT'
   49 | #define RBIMPL_MACRO_SELECT(x, y) x ## y
      |                                   ^
<scratch space>:181:1: note: expanded from here
  181 | rb_data_object_wrap_1
      | ^
/opt/homebrew/Cellar/ruby/4.0.6_1/include/ruby-4.0.0/ruby/internal/core/rdata.h:364:31: note: expanded from macro 'rb_data_object_wrap_1'
  364 | #define rb_data_object_wrap_1 rb_data_object_wrap_warning
      |                               ^
/opt/homebrew/Cellar/ruby/4.0.6_1/include/ruby-4.0.0/ruby/internal/core/rdata.h:280:1: note: 'rb_data_object_wrap_warning' has been explicitly marked deprecated here
  280 | RBIMPL_ATTRSET_UNTYPED_DATA_FUNC()
      | ^
/opt/homebrew/Cellar/ruby/4.0.6_1/include/ruby-4.0.0/ruby/internal/core/rdata.h:47:5: note: expanded from macro 'RBIMPL_ATTRSET_UNTYPED_DATA_FUNC'
   47 |     RBIMPL_ATTR_DEPRECATED(("by TypedData"))
      |     ^
/opt/homebrew/Cellar/ruby/4.0.6_1/include/ruby-4.0.0/ruby/internal/attr/deprecated.h:36:53: note: expanded from macro 'RBIMPL_ATTR_DEPRECATED'
   36 | # define RBIMPL_ATTR_DEPRECATED(msg) __attribute__((__deprecated__ msg))
      |                                                     ^
commonmarker.c:121:20: warning: implicit conversion loses integer precision: 'long' to 'int' [-Wshorten-64-to-32]
  121 |   extensions_len = RARRAY_LEN(rb_extensions);
      |                  ~ ^~~~~~~~~~~~~~~~~~~~~~~~~
/opt/homebrew/Cellar/ruby/4.0.6_1/include/ruby-4.0.0/ruby/internal/core/rarray.h:51:36: note: expanded from macro 'RARRAY_LEN'
   51 | #define RARRAY_LEN                 rb_array_len                 /**< @alias{rb_array_len} */
      |                                    ^
commonmarker.c:163:9: warning: implicit conversion loses integer precision: 'long' to 'int' [-Wshorten-64-to-32]
  163 |   len = RSTRING_LEN(rb_text);
      |       ~ ^~~~~~~~~~~~~~~~~~~~
/opt/homebrew/Cellar/ruby/4.0.6_1/include/ruby-4.0.0/ruby/internal/core/rstring.h:46:27: note: expanded from macro 'RSTRING_LEN'
   46 | #define RSTRING_LEN       RSTRING_LEN
      |                           ^
commonmarker.c:270:12: warning: variable 'options' set but not used [-Wunused-but-set-variable]
  270 |   int len, options;
      |            ^
commonmarker.c:301:3: warning: 'rb_data_object_get_warning' is deprecated: by TypedData [-Wdeprecated-declarations]
  301 |   Data_Get_Struct(self, cmark_node, node);
      |   ^
/opt/homebrew/Cellar/ruby/4.0.6_1/include/ruby-4.0.0/ruby/internal/core/rdata.h:278:34: note: expanded from macro 'Data_Get_Struct'
  278 |     ((sval) = RBIMPL_CAST((type*)rb_data_object_get(obj)))
      |                                  ^
/opt/homebrew/Cellar/ruby/4.0.6_1/include/ruby-4.0.0/ruby/internal/core/rdata.h:370:31: note: expanded from macro 'rb_data_object_get'
  370 | #define rb_data_object_get    RUBY_MACRO_SELECT(rb_data_object_get_2, RUBY_UNTYPED_DATA_WARNING)
      |                               ^
/opt/homebrew/Cellar/ruby/4.0.6_1/include/ruby-4.0.0/ruby/internal/core/rdata.h:50:35: note: expanded from macro 'RUBY_MACRO_SELECT'
   50 | #define RUBY_MACRO_SELECT(x, y)   RBIMPL_MACRO_SELECT(x, y)
      |                                   ^
/opt/homebrew/Cellar/ruby/4.0.6_1/include/ruby-4.0.0/ruby/internal/core/rdata.h:49:35: note: expanded from macro 'RBIMPL_MACRO_SELECT'
   49 | #define RBIMPL_MACRO_SELECT(x, y) x ## y
      |                                   ^
<scratch space>:182:1: note: expanded from here
  182 | rb_data_object_get_1
      | ^
/opt/homebrew/Cellar/ruby/4.0.6_1/include/ruby-4.0.0/ruby/internal/core/rdata.h:368:31: note: expanded from macro 'rb_data_object_get_1'
  368 | #define rb_data_object_get_1  rb_data_object_get_warning
      |                               ^
/opt/homebrew/Cellar/ruby/4.0.6_1/include/ruby-4.0.0/ruby/internal/core/rdata.h:317:1: note: 'rb_data_object_get_warning' has been explicitly marked deprecated here
  317 | RBIMPL_ATTRSET_UNTYPED_DATA_FUNC()
      | ^
/opt/homebrew/Cellar/ruby/4.0.6_1/include/ruby-4.0.0/ruby/internal/core/rdata.h:47:5: note: expanded from macro 'RBIMPL_ATTRSET_UNTYPED_DATA_FUNC'
   47 |     RBIMPL_ATTR_DEPRECATED(("by TypedData"))
      |     ^
/opt/homebrew/Cellar/ruby/4.0.6_1/include/ruby-4.0.0/ruby/internal/attr/deprecated.h:36:53: note: expanded from macro 'RBIMPL_ATTR_DEPRECATED'
   36 | # define RBIMPL_ATTR_DEPRECATED(msg) __attribute__((__deprecated__ msg))
      |                                                     ^
commonmarker.c:323:3: warning: 'rb_data_object_get_warning' is deprecated: by TypedData [-Wdeprecated-declarations]
  323 |   Data_Get_Struct(self, cmark_node, node);
      |   ^
/opt/homebrew/Cellar/ruby/4.0.6_1/include/ruby-4.0.0/ruby/internal/core/rdata.h:278:34: note: expanded from macro 'Data_Get_Struct'
  278 |     ((sval) = RBIMPL_CAST((type*)rb_data_object_get(obj)))
      |                                  ^
/opt/homebrew/Cellar/ruby/4.0.6_1/include/ruby-4.0.0/ruby/internal/core/rdata.h:370:31: note: expanded from macro 'rb_data_object_get'
  370 | #define rb_data_object_get    RUBY_MACRO_SELECT(rb_data_object_get_2, RUBY_UNTYPED_DATA_WARNING)
      |                               ^
/opt/homebrew/Cellar/ruby/4.0.6_1/include/ruby-4.0.0/ruby/internal/core/rdata.h:50:35: note: expanded from macro 'RUBY_MACRO_SELECT'
   50 | #define RUBY_MACRO_SELECT(x, y)   RBIMPL_MACRO_SELECT(x, y)
      |                                   ^
/opt/homebrew/Cellar/ruby/4.0.6_1/include/ruby-4.0.0/ruby/internal/core/rdata.h:49:35: note: expanded from macro 'RBIMPL_MACRO_SELECT'
   49 | #define RBIMPL_MACRO_SELECT(x, y) x ## y
      |                                   ^
<scratch space>:183:1: note: expanded from here
  183 | rb_data_object_get_1
      | ^
/opt/homebrew/Cellar/ruby/4.0.6_1/include/ruby-4.0.0/ruby/internal/core/rdata.h:368:31: note: expanded from macro 'rb_data_object_get_1'
  368 | #define rb_data_object_get_1  rb_data_object_get_warning
      |                               ^
/opt/homebrew/Cellar/ruby/4.0.6_1/include/ruby-4.0.0/ruby/internal/core/rdata.h:317:1: note: 'rb_data_object_get_warning' has been explicitly marked deprecated here
  317 | RBIMPL_ATTRSET_UNTYPED_DATA_FUNC()
      | ^
/opt/homebrew/Cellar/ruby/4.0.6_1/include/ruby-4.0.0/ruby/internal/core/rdata.h:47:5: note: expanded from macro 'RBIMPL_ATTRSET_UNTYPED_DATA_FUNC'
   47 |     RBIMPL_ATTR_DEPRECATED(("by TypedData"))
      |     ^
/opt/homebrew/Cellar/ruby/4.0.6_1/include/ruby-4.0.0/ruby/internal/attr/deprecated.h:36:53: note: expanded from macro 'RBIMPL_ATTR_DEPRECATED'
   36 | # define RBIMPL_ATTR_DEPRECATED(msg) __attribute__((__deprecated__ msg))
      |                                                     ^
commonmarker.c:344:3: warning: 'rb_data_object_get_warning' is deprecated: by TypedData [-Wdeprecated-declarations]
  344 |   Data_Get_Struct(self, cmark_node, node);
      |   ^
/opt/homebrew/Cellar/ruby/4.0.6_1/include/ruby-4.0.0/ruby/internal/core/rdata.h:278:34: note: expanded from macro 'Data_Get_Struct'
  278 |     ((sval) = RBIMPL_CAST((type*)rb_data_object_get(obj)))
      |                                  ^
/opt/homebrew/Cellar/ruby/4.0.6_1/include/ruby-4.0.0/ruby/internal/core/rdata.h:370:31: note: expanded from macro 'rb_data_object_get'
  370 | #define rb_data_object_get    RUBY_MACRO_SELECT(rb_data_object_get_2, RUBY_UNTYPED_DATA_WARNING)
      |                               ^
/opt/homebrew/Cellar/ruby/4.0.6_1/include/ruby-4.0.0/ruby/internal/core/rdata.h:50:35: note: expanded from macro 'RUBY_MACRO_SELECT'
   50 | #define RUBY_MACRO_SELECT(x, y)   RBIMPL_MACRO_SELECT(x, y)
      |                                   ^
/opt/homebrew/Cellar/ruby/4.0.6_1/include/ruby-4.0.0/ruby/internal/core/rdata.h:49:35: note: expanded from macro 'RBIMPL_MACRO_SELECT'
   49 | #define RBIMPL_MACRO_SELECT(x, y) x ## y
      |                                   ^
<scratch space>:184:1: note: expanded from here
  184 | rb_data_object_get_1
      | ^
/opt/homebrew/Cellar/ruby/4.0.6_1/include/ruby-4.0.0/ruby/internal/core/rdata.h:368:31: note: expanded from macro 'rb_data_object_get_1'
  368 | #define rb_data_object_get_1  rb_data_object_get_warning
      |                               ^
/opt/homebrew/Cellar/ruby/4.0.6_1/include/ruby-4.0.0/ruby/internal/core/rdata.h:317:1: note: 'rb_data_object_get_warning' has been explicitly marked deprecated here
  317 | RBIMPL_ATTRSET_UNTYPED_DATA_FUNC()
      | ^
/opt/homebrew/Cellar/ruby/4.0.6_1/include/ruby-4.0.0/ruby/internal/core/rdata.h:47:5: note: expanded from macro 'RBIMPL_ATTRSET_UNTYPED_DATA_FUNC'
   47 |     RBIMPL_ATTR_DEPRECATED(("by TypedData"))
      |     ^
/opt/homebrew/Cellar/ruby/4.0.6_1/include/ruby-4.0.0/ruby/internal/attr/deprecated.h:36:53: note: expanded from macro 'RBIMPL_ATTR_DEPRECATED'
   36 | # define RBIMPL_ATTR_DEPRECATED(msg) __attribute__((__deprecated__ msg))
      |                                                     ^
commonmarker.c:431:3: warning: 'rb_data_object_get_warning' is deprecated: by TypedData [-Wdeprecated-declarations]
  431 |   Data_Get_Struct(self, cmark_node, node);
      |   ^
/opt/homebrew/Cellar/ruby/4.0.6_1/include/ruby-4.0.0/ruby/internal/core/rdata.h:278:34: note: expanded from macro 'Data_Get_Struct'
  278 |     ((sval) = RBIMPL_CAST((type*)rb_data_object_get(obj)))
      |                                  ^
/opt/homebrew/Cellar/ruby/4.0.6_1/include/ruby-4.0.0/ruby/internal/core/rdata.h:370:31: note: expanded from macro 'rb_data_object_get'
  370 | #define rb_data_object_get    RUBY_MACRO_SELECT(rb_data_object_get_2, RUBY_UNTYPED_DATA_WARNING)
      |                               ^
/opt/homebrew/Cellar/ruby/4.0.6_1/include/ruby-4.0.0/ruby/internal/core/rdata.h:50:35: note: expanded from macro 'RUBY_MACRO_SELECT'
   50 | #define RUBY_MACRO_SELECT(x, y)   RBIMPL_MACRO_SELECT(x, y)
      |                                   ^
/opt/homebrew/Cellar/ruby/4.0.6_1/include/ruby-4.0.0/ruby/internal/core/rdata.h:49:35: note: expanded from macro 'RBIMPL_MACRO_SELECT'
   49 | #define RBIMPL_MACRO_SELECT(x, y) x ## y
      |                                   ^
<scratch space>:185:1: note: expanded from here
  185 | rb_data_object_get_1
      | ^
/opt/homebrew/Cellar/ruby/4.0.6_1/include/ruby-4.0.0/ruby/internal/core/rdata.h:368:31: note: expanded from macro 'rb_data_object_get_1'
  368 | #define rb_data_object_get_1  rb_data_object_get_warning
      |                               ^
/opt/homebrew/Cellar/ruby/4.0.6_1/include/ruby-4.0.0/ruby/internal/core/rdata.h:317:1: note: 'rb_data_object_get_warning' has been explicitly marked deprecated here
  317 | RBIMPL_ATTRSET_UNTYPED_DATA_FUNC()
      | ^
/opt/homebrew/Cellar/ruby/4.0.6_1/include/ruby-4.0.0/ruby/internal/core/rdata.h:47:5: note: expanded from macro 'RBIMPL_ATTRSET_UNTYPED_DATA_FUNC'
   47 |     RBIMPL_ATTR_DEPRECATED(("by TypedData"))
      |     ^
/opt/homebrew/Cellar/ruby/4.0.6_1/include/ruby-4.0.0/ruby/internal/attr/deprecated.h:36:53: note: expanded from macro 'RBIMPL_ATTR_DEPRECATED'
   36 | # define RBIMPL_ATTR_DEPRECATED(msg) __attribute__((__deprecated__ msg))
      |                                                     ^
commonmarker.c:454:3: warning: 'rb_data_object_get_warning' is deprecated: by TypedData [-Wdeprecated-declarations]
  454 |   Data_Get_Struct(self, cmark_node, node);
      |   ^
/opt/homebrew/Cellar/ruby/4.0.6_1/include/ruby-4.0.0/ruby/internal/core/rdata.h:278:34: note: expanded from macro 'Data_Get_Struct'
  278 |     ((sval) = RBIMPL_CAST((type*)rb_data_object_get(obj)))
      |                                  ^
/opt/homebrew/Cellar/ruby/4.0.6_1/include/ruby-4.0.0/ruby/internal/core/rdata.h:370:31: note: expanded from macro 'rb_data_object_get'
  370 | #define rb_data_object_get    RUBY_MACRO_SELECT(rb_data_object_get_2, RUBY_UNTYPED_DATA_WARNING)
      |                               ^
/opt/homebrew/Cellar/ruby/4.0.6_1/include/ruby-4.0.0/ruby/internal/core/rdata.h:50:35: note: expanded from macro 'RUBY_MACRO_SELECT'
   50 | #define RUBY_MACRO_SELECT(x, y)   RBIMPL_MACRO_SELECT(x, y)
      |                                   ^
/opt/homebrew/Cellar/ruby/4.0.6_1/include/ruby-4.0.0/ruby/internal/core/rdata.h:49:35: note: expanded from macro 'RBIMPL_MACRO_SELECT'
   49 | #define RBIMPL_MACRO_SELECT(x, y) x ## y
      |                                   ^
<scratch space>:186:1: note: expanded from here
  186 | rb_data_object_get_1
      | ^
/opt/homebrew/Cellar/ruby/4.0.6_1/include/ruby-4.0.0/ruby/internal/core/rdata.h:368:31: note: expanded from macro 'rb_data_object_get_1'
  368 | #define rb_data_object_get_1  rb_data_object_get_warning
      |                               ^
/opt/homebrew/Cellar/ruby/4.0.6_1/include/ruby-4.0.0/ruby/internal/core/rdata.h:317:1: note: 'rb_data_object_get_warning' has been explicitly marked deprecated here
  317 | RBIMPL_ATTRSET_UNTYPED_DATA_FUNC()
      | ^
/opt/homebrew/Cellar/ruby/4.0.6_1/include/ruby-4.0.0/ruby/internal/core/rdata.h:47:5: note: expanded from macro 'RBIMPL_ATTRSET_UNTYPED_DATA_FUNC'
   47 |     RBIMPL_ATTR_DEPRECATED(("by TypedData"))
      |     ^
/opt/homebrew/Cellar/ruby/4.0.6_1/include/ruby-4.0.0/ruby/internal/attr/deprecated.h:36:53: note: expanded from macro 'RBIMPL_ATTR_DEPRECATED'
   36 | # define RBIMPL_ATTR_DEPRECATED(msg) __attribute__((__deprecated__ msg))
      |                                                     ^
commonmarker.c:465:3: warning: 'rb_data_object_get_warning' is deprecated: by TypedData [-Wdeprecated-declarations]
  465 |   Data_Get_Struct(self, cmark_node, node);
      |   ^
/opt/homebrew/Cellar/ruby/4.0.6_1/include/ruby-4.0.0/ruby/internal/core/rdata.h:278:34: note: expanded from macro 'Data_Get_Struct'
  278 |     ((sval) = RBIMPL_CAST((type*)rb_data_object_get(obj)))
      |                                  ^
/opt/homebrew/Cellar/ruby/4.0.6_1/include/ruby-4.0.0/ruby/internal/core/rdata.h:370:31: note: expanded from macro 'rb_data_object_get'
  370 | #define rb_data_object_get    RUBY_MACRO_SELECT(rb_data_object_get_2, RUBY_UNTYPED_DATA_WARNING)
      |                               ^
/opt/homebrew/Cellar/ruby/4.0.6_1/include/ruby-4.0.0/ruby/internal/core/rdata.h:50:35: note: expanded from macro 'RUBY_MACRO_SELECT'
   50 | #define RUBY_MACRO_SELECT(x, y)   RBIMPL_MACRO_SELECT(x, y)
      |                                   ^
/opt/homebrew/Cellar/ruby/4.0.6_1/include/ruby-4.0.0/ruby/internal/core/rdata.h:49:35: note: expanded from macro 'RBIMPL_MACRO_SELECT'
   49 | #define RBIMPL_MACRO_SELECT(x, y) x ## y
      |                                   ^
<scratch space>:187:1: note: expanded from here
  187 | rb_data_object_get_1
      | ^
/opt/homebrew/Cellar/ruby/4.0.6_1/include/ruby-4.0.0/ruby/internal/core/rdata.h:368:31: note: expanded from macro 'rb_data_object_get_1'
  368 | #define rb_data_object_get_1  rb_data_object_get_warning
      |                               ^
/opt/homebrew/Cellar/ruby/4.0.6_1/include/ruby-4.0.0/ruby/internal/core/rdata.h:317:1: note: 'rb_data_object_get_warning' has been explicitly marked deprecated here
  317 | RBIMPL_ATTRSET_UNTYPED_DATA_FUNC()
      | ^
/opt/homebrew/Cellar/ruby/4.0.6_1/include/ruby-4.0.0/ruby/internal/core/rdata.h:47:5: note: expanded from macro 'RBIMPL_ATTRSET_UNTYPED_DATA_FUNC'
   47 |     RBIMPL_ATTR_DEPRECATED(("by TypedData"))
      |     ^
/opt/homebrew/Cellar/ruby/4.0.6_1/include/ruby-4.0.0/ruby/internal/attr/deprecated.h:36:53: note: expanded from macro 'RBIMPL_ATTR_DEPRECATED'
   36 | # define RBIMPL_ATTR_DEPRECATED(msg) __attribute__((__deprecated__ msg))
      |                                                     ^
commonmarker.c:480:3: warning: 'rb_data_object_get_warning' is deprecated: by TypedData [-Wdeprecated-declarations]
  480 |   Data_Get_Struct(self, cmark_node, node);
      |   ^
/opt/homebrew/Cellar/ruby/4.0.6_1/include/ruby-4.0.0/ruby/internal/core/rdata.h:278:34: note: expanded from macro 'Data_Get_Struct'
  278 |     ((sval) = RBIMPL_CAST((type*)rb_data_object_get(obj)))
      |                                  ^
/opt/homebrew/Cellar/ruby/4.0.6_1/include/ruby-4.0.0/ruby/internal/core/rdata.h:370:31: note: expanded from macro 'rb_data_object_get'
  370 | #define rb_data_object_get    RUBY_MACRO_SELECT(rb_data_object_get_2, RUBY_UNTYPED_DATA_WARNING)
      |                               ^
/opt/homebrew/Cellar/ruby/4.0.6_1/include/ruby-4.0.0/ruby/internal/core/rdata.h:50:35: note: expanded from macro 'RUBY_MACRO_SELECT'
   50 | #define RUBY_MACRO_SELECT(x, y)   RBIMPL_MACRO_SELECT(x, y)
      |                                   ^
/opt/homebrew/Cellar/ruby/4.0.6_1/include/ruby-4.0.0/ruby/internal/core/rdata.h:49:35: note: expanded from macro 'RBIMPL_MACRO_SELECT'
   49 | #define RBIMPL_MACRO_SELECT(x, y) x ## y
      |                                   ^
<scratch space>:188:1: note: expanded from here
  188 | rb_data_object_get_1
      | ^
/opt/homebrew/Cellar/ruby/4.0.6_1/include/ruby-4.0.0/ruby/internal/core/rdata.h:368:31: note: expanded from macro 'rb_data_object_get_1'
  368 | #define rb_data_object_get_1  rb_data_object_get_warning
      |                               ^
/opt/homebrew/Cellar/ruby/4.0.6_1/include/ruby-4.0.0/ruby/internal/core/rdata.h:317:1: note: 'rb_data_object_get_warning' has been explicitly marked deprecated here
  317 | RBIMPL_ATTRSET_UNTYPED_DATA_FUNC()
      | ^
/opt/homebrew/Cellar/ruby/4.0.6_1/include/ruby-4.0.0/ruby/internal/core/rdata.h:47:5: note: expanded from macro 'RBIMPL_ATTRSET_UNTYPED_DATA_FUNC'
   47 |     RBIMPL_ATTR_DEPRECATED(("by TypedData"))
      |     ^
/opt/homebrew/Cellar/ruby/4.0.6_1/include/ruby-4.0.0/ruby/internal/attr/deprecated.h:36:53: note: expanded from macro 'RBIMPL_ATTR_DEPRECATED'
   36 | # define RBIMPL_ATTR_DEPRECATED(msg) __attribute__((__deprecated__ msg))
      |                                                     ^
commonmarker.c:493:3: warning: 'rb_data_object_get_warning' is deprecated: by TypedData [-Wdeprecated-declarations]
  493 |   Data_Get_Struct(self, cmark_node, node);
      |   ^
/opt/homebrew/Cellar/ruby/4.0.6_1/include/ruby-4.0.0/ruby/internal/core/rdata.h:278:34: note: expanded from macro 'Data_Get_Struct'
  278 |     ((sval) = RBIMPL_CAST((type*)rb_data_object_get(obj)))
      |                                  ^
/opt/homebrew/Cellar/ruby/4.0.6_1/include/ruby-4.0.0/ruby/internal/core/rdata.h:370:31: note: expanded from macro 'rb_data_object_get'
  370 | #define rb_data_object_get    RUBY_MACRO_SELECT(rb_data_object_get_2, RUBY_UNTYPED_DATA_WARNING)
      |                               ^
/opt/homebrew/Cellar/ruby/4.0.6_1/include/ruby-4.0.0/ruby/internal/core/rdata.h:50:35: note: expanded from macro 'RUBY_MACRO_SELECT'
   50 | #define RUBY_MACRO_SELECT(x, y)   RBIMPL_MACRO_SELECT(x, y)
      |                                   ^
/opt/homebrew/Cellar/ruby/4.0.6_1/include/ruby-4.0.0/ruby/internal/core/rdata.h:49:35: note: expanded from macro 'RBIMPL_MACRO_SELECT'
   49 | #define RBIMPL_MACRO_SELECT(x, y) x ## y
      |                                   ^
<scratch space>:189:1: note: expanded from here
  189 | rb_data_object_get_1
      | ^
/opt/homebrew/Cellar/ruby/4.0.6_1/include/ruby-4.0.0/ruby/internal/core/rdata.h:368:31: note: expanded from macro 'rb_data_object_get_1'
  368 | #define rb_data_object_get_1  rb_data_object_get_warning
      |                               ^
/opt/homebrew/Cellar/ruby/4.0.6_1/include/ruby-4.0.0/ruby/internal/core/rdata.h:317:1: note: 'rb_data_object_get_warning' has been explicitly marked deprecated here
  317 | RBIMPL_ATTRSET_UNTYPED_DATA_FUNC()
      | ^
/opt/homebrew/Cellar/ruby/4.0.6_1/include/ruby-4.0.0/ruby/internal/core/rdata.h:47:5: note: expanded from macro 'RBIMPL_ATTRSET_UNTYPED_DATA_FUNC'
   47 |     RBIMPL_ATTR_DEPRECATED(("by TypedData"))
      |     ^
/opt/homebrew/Cellar/ruby/4.0.6_1/include/ruby-4.0.0/ruby/internal/attr/deprecated.h:36:53: note: expanded from macro 'RBIMPL_ATTR_DEPRECATED'
   36 | # define RBIMPL_ATTR_DEPRECATED(msg) __attribute__((__deprecated__ msg))
      |                                                     ^
commonmarker.c:510:3: warning: 'rb_data_object_get_warning' is deprecated: by TypedData [-Wdeprecated-declarations]
  510 |   Data_Get_Struct(self, cmark_node, node1);
      |   ^
/opt/homebrew/Cellar/ruby/4.0.6_1/include/ruby-4.0.0/ruby/internal/core/rdata.h:278:34: note: expanded from macro 'Data_Get_Struct'
  278 |     ((sval) = RBIMPL_CAST((type*)rb_data_object_get(obj)))
      |                                  ^
/opt/homebrew/Cellar/ruby/4.0.6_1/include/ruby-4.0.0/ruby/internal/core/rdata.h:370:31: note: expanded from macro 'rb_data_object_get'
  370 | #define rb_data_object_get    RUBY_MACRO_SELECT(rb_data_object_get_2, RUBY_UNTYPED_DATA_WARNING)
      |                               ^
/opt/homebrew/Cellar/ruby/4.0.6_1/include/ruby-4.0.0/ruby/internal/core/rdata.h:50:35: note: expanded from macro 'RUBY_MACRO_SELECT'
   50 | #define RUBY_MACRO_SELECT(x, y)   RBIMPL_MACRO_SELECT(x, y)
      |                                   ^
/opt/homebrew/Cellar/ruby/4.0.6_1/include/ruby-4.0.0/ruby/internal/core/rdata.h:49:35: note: expanded from macro 'RBIMPL_MACRO_SELECT'
   49 | #define RBIMPL_MACRO_SELECT(x, y) x ## y
      |                                   ^
<scratch space>:190:1: note: expanded from here
  190 | rb_data_object_get_1
      | ^
/opt/homebrew/Cellar/ruby/4.0.6_1/include/ruby-4.0.0/ruby/internal/core/rdata.h:368:31: note: expanded from macro 'rb_data_object_get_1'
  368 | #define rb_data_object_get_1  rb_data_object_get_warning
      |                               ^
/opt/homebrew/Cellar/ruby/4.0.6_1/include/ruby-4.0.0/ruby/internal/core/rdata.h:317:1: note: 'rb_data_object_get_warning' has been explicitly marked deprecated here
  317 | RBIMPL_ATTRSET_UNTYPED_DATA_FUNC()
      | ^
/opt/homebrew/Cellar/ruby/4.0.6_1/include/ruby-4.0.0/ruby/internal/core/rdata.h:47:5: note: expanded from macro 'RBIMPL_ATTRSET_UNTYPED_DATA_FUNC'
   47 |     RBIMPL_ATTR_DEPRECATED(("by TypedData"))
      |     ^
/opt/homebrew/Cellar/ruby/4.0.6_1/include/ruby-4.0.0/ruby/internal/attr/deprecated.h:36:53: note: expanded from macro 'RBIMPL_ATTR_DEPRECATED'
   36 | # define RBIMPL_ATTR_DEPRECATED(msg) __attribute__((__deprecated__ msg))
      |                                                     ^
commonmarker.c:512:3: warning: 'rb_data_object_get_warning' is deprecated: by TypedData [-Wdeprecated-declarations]
  512 |   Data_Get_Struct(sibling, cmark_node, node2);
      |   ^
/opt/homebrew/Cellar/ruby/4.0.6_1/include/ruby-4.0.0/ruby/internal/core/rdata.h:278:34: note: expanded from macro 'Data_Get_Struct'
  278 |     ((sval) = RBIMPL_CAST((type*)rb_data_object_get(obj)))
      |                                  ^
/opt/homebrew/Cellar/ruby/4.0.6_1/include/ruby-4.0.0/ruby/internal/core/rdata.h:370:31: note: expanded from macro 'rb_data_object_get'
  370 | #define rb_data_object_get    RUBY_MACRO_SELECT(rb_data_object_get_2, RUBY_UNTYPED_DATA_WARNING)
      |                               ^
/opt/homebrew/Cellar/ruby/4.0.6_1/include/ruby-4.0.0/ruby/internal/core/rdata.h:50:35: note: expanded from macro 'RUBY_MACRO_SELECT'
   50 | #define RUBY_MACRO_SELECT(x, y)   RBIMPL_MACRO_SELECT(x, y)
      |                                   ^
/opt/homebrew/Cellar/ruby/4.0.6_1/include/ruby-4.0.0/ruby/internal/core/rdata.h:49:35: note: expanded from macro 'RBIMPL_MACRO_SELECT'
   49 | #define RBIMPL_MACRO_SELECT(x, y) x ## y
      |                                   ^
<scratch space>:191:1: note: expanded from here
  191 | rb_data_object_get_1
      | ^
/opt/homebrew/Cellar/ruby/4.0.6_1/include/ruby-4.0.0/ruby/internal/core/rdata.h:368:31: note: expanded from macro 'rb_data_object_get_1'
  368 | #define rb_data_object_get_1  rb_data_object_get_warning
      |                               ^
/opt/homebrew/Cellar/ruby/4.0.6_1/include/ruby-4.0.0/ruby/internal/core/rdata.h:317:1: note: 'rb_data_object_get_warning' has been explicitly marked deprecated here
  317 | RBIMPL_ATTRSET_UNTYPED_DATA_FUNC()
      | ^
/opt/homebrew/Cellar/ruby/4.0.6_1/include/ruby-4.0.0/ruby/internal/core/rdata.h:47:5: note: expanded from macro 'RBIMPL_ATTRSET_UNTYPED_DATA_FUNC'
   47 |     RBIMPL_ATTR_DEPRECATED(("by TypedData"))
      |     ^
/opt/homebrew/Cellar/ruby/4.0.6_1/include/ruby-4.0.0/ruby/internal/attr/deprecated.h:36:53: note: expanded from macro 'RBIMPL_ATTR_DEPRECATED'
   36 | # define RBIMPL_ATTR_DEPRECATED(msg) __attribute__((__deprecated__ msg))
      |                                                     ^
commonmarker.c:540:3: warning: 'rb_data_object_get_warning' is deprecated: by TypedData [-Wdeprecated-declarations]
  540 |   Data_Get_Struct(self, cmark_node, node);
      |   ^
/opt/homebrew/Cellar/ruby/4.0.6_1/include/ruby-4.0.0/ruby/internal/core/rdata.h:278:34: note: expanded from macro 'Data_Get_Struct'
  278 |     ((sval) = RBIMPL_CAST((type*)rb_data_object_get(obj)))
      |                                  ^
/opt/homebrew/Cellar/ruby/4.0.6_1/include/ruby-4.0.0/ruby/internal/core/rdata.h:370:31: note: expanded from macro 'rb_data_object_get'
  370 | #define rb_data_object_get    RUBY_MACRO_SELECT(rb_data_object_get_2, RUBY_UNTYPED_DATA_WARNING)
      |                               ^
/opt/homebrew/Cellar/ruby/4.0.6_1/include/ruby-4.0.0/ruby/internal/core/rdata.h:50:35: note: expanded from macro 'RUBY_MACRO_SELECT'
   50 | #define RUBY_MACRO_SELECT(x, y)   RBIMPL_MACRO_SELECT(x, y)
      |                                   ^
/opt/homebrew/Cellar/ruby/4.0.6_1/include/ruby-4.0.0/ruby/internal/core/rdata.h:49:35: note: expanded from macro 'RBIMPL_MACRO_SELECT'
   49 | #define RBIMPL_MACRO_SELECT(x, y) x ## y
      |                                   ^
<scratch space>:192:1: note: expanded from here
  192 | rb_data_object_get_1
      | ^
/opt/homebrew/Cellar/ruby/4.0.6_1/include/ruby-4.0.0/ruby/internal/core/rdata.h:368:31: note: expanded from macro 'rb_data_object_get_1'
  368 | #define rb_data_object_get_1  rb_data_object_get_warning
      |                               ^
/opt/homebrew/Cellar/ruby/4.0.6_1/include/ruby-4.0.0/ruby/internal/core/rdata.h:317:1: note: 'rb_data_object_get_warning' has been explicitly marked deprecated here
  317 | RBIMPL_ATTRSET_UNTYPED_DATA_FUNC()
      | ^
/opt/homebrew/Cellar/ruby/4.0.6_1/include/ruby-4.0.0/ruby/internal/core/rdata.h:47:5: note: expanded from macro 'RBIMPL_ATTRSET_UNTYPED_DATA_FUNC'
   47 |     RBIMPL_ATTR_DEPRECATED(("by TypedData"))
      |     ^
/opt/homebrew/Cellar/ruby/4.0.6_1/include/ruby-4.0.0/ruby/internal/attr/deprecated.h:36:53: note: expanded from macro 'RBIMPL_ATTR_DEPRECATED'
   36 | # define RBIMPL_ATTR_DEPRECATED(msg) __attribute__((__deprecated__ msg))
      |                                                     ^
commonmarker.c:538:20: warning: implicit conversion loses integer precision: 'long' to 'int' [-Wshorten-64-to-32]
  538 |   extensions_len = RARRAY_LEN(rb_extensions);
      |                  ~ ^~~~~~~~~~~~~~~~~~~~~~~~~
/opt/homebrew/Cellar/ruby/4.0.6_1/include/ruby-4.0.0/ruby/internal/core/rarray.h:51:36: note: expanded from macro 'RARRAY_LEN'
   51 | #define RARRAY_LEN                 rb_array_len                 /**< @alias{rb_array_len} */
      |                                    ^
commonmarker.c:589:3: warning: 'rb_data_object_get_warning' is deprecated: by TypedData [-Wdeprecated-declarations]
  589 |   Data_Get_Struct(self, cmark_node, node);
      |   ^
/opt/homebrew/Cellar/ruby/4.0.6_1/include/ruby-4.0.0/ruby/internal/core/rdata.h:278:34: note: expanded from macro 'Data_Get_Struct'
  278 |     ((sval) = RBIMPL_CAST((type*)rb_data_object_get(obj)))
      |                                  ^
/opt/homebrew/Cellar/ruby/4.0.6_1/include/ruby-4.0.0/ruby/internal/core/rdata.h:370:31: note: expanded from macro 'rb_data_object_get'
  370 | #define rb_data_object_get    RUBY_MACRO_SELECT(rb_data_object_get_2, RUBY_UNTYPED_DATA_WARNING)
      |                               ^
/opt/homebrew/Cellar/ruby/4.0.6_1/include/ruby-4.0.0/ruby/internal/core/rdata.h:50:35: note: expanded from macro 'RUBY_MACRO_SELECT'
   50 | #define RUBY_MACRO_SELECT(x, y)   RBIMPL_MACRO_SELECT(x, y)
      |                                   ^
/opt/homebrew/Cellar/ruby/4.0.6_1/include/ruby-4.0.0/ruby/internal/core/rdata.h:49:35: note: expanded from macro 'RBIMPL_MACRO_SELECT'
   49 | #define RBIMPL_MACRO_SELECT(x, y) x ## y
      |                                   ^
<scratch space>:193:1: note: expanded from here
  193 | rb_data_object_get_1
      | ^
/opt/homebrew/Cellar/ruby/4.0.6_1/include/ruby-4.0.0/ruby/internal/core/rdata.h:368:31: note: expanded from macro 'rb_data_object_get_1'
  368 | #define rb_data_object_get_1  rb_data_object_get_warning
      |                               ^
/opt/homebrew/Cellar/ruby/4.0.6_1/include/ruby-4.0.0/ruby/internal/core/rdata.h:317:1: note: 'rb_data_object_get_warning' has been explicitly marked deprecated here
  317 | RBIMPL_ATTRSET_UNTYPED_DATA_FUNC()
      | ^
/opt/homebrew/Cellar/ruby/4.0.6_1/include/ruby-4.0.0/ruby/internal/core/rdata.h:47:5: note: expanded from macro 'RBIMPL_ATTRSET_UNTYPED_DATA_FUNC'
   47 |     RBIMPL_ATTR_DEPRECATED(("by TypedData"))
      |     ^
/opt/homebrew/Cellar/ruby/4.0.6_1/include/ruby-4.0.0/ruby/internal/attr/deprecated.h:36:53: note: expanded from macro 'RBIMPL_ATTR_DEPRECATED'
   36 | # define RBIMPL_ATTR_DEPRECATED(msg) __attribute__((__deprecated__ msg))
      |                                                     ^
commonmarker.c:617:3: warning: 'rb_data_object_get_warning' is deprecated: by TypedData [-Wdeprecated-declarations]
  617 |   Data_Get_Struct(self, cmark_node, node);
      |   ^
/opt/homebrew/Cellar/ruby/4.0.6_1/include/ruby-4.0.0/ruby/internal/core/rdata.h:278:34: note: expanded from macro 'Data_Get_Struct'
  278 |     ((sval) = RBIMPL_CAST((type*)rb_data_object_get(obj)))
      |                                  ^
/opt/homebrew/Cellar/ruby/4.0.6_1/include/ruby-4.0.0/ruby/internal/core/rdata.h:370:31: note: expanded from macro 'rb_data_object_get'
  370 | #define rb_data_object_get    RUBY_MACRO_SELECT(rb_data_object_get_2, RUBY_UNTYPED_DATA_WARNING)
      |                               ^
/opt/homebrew/Cellar/ruby/4.0.6_1/include/ruby-4.0.0/ruby/internal/core/rdata.h:50:35: note: expanded from macro 'RUBY_MACRO_SELECT'
   50 | #define RUBY_MACRO_SELECT(x, y)   RBIMPL_MACRO_SELECT(x, y)
      |                                   ^
/opt/homebrew/Cellar/ruby/4.0.6_1/include/ruby-4.0.0/ruby/internal/core/rdata.h:49:35: note: expanded from macro 'RBIMPL_MACRO_SELECT'
   49 | #define RBIMPL_MACRO_SELECT(x, y) x ## y
      |                                   ^
<scratch space>:194:1: note: expanded from here
  194 | rb_data_object_get_1
      | ^
/opt/homebrew/Cellar/ruby/4.0.6_1/include/ruby-4.0.0/ruby/internal/core/rdata.h:368:31: note: expanded from macro 'rb_data_object_get_1'
  368 | #define rb_data_object_get_1  rb_data_object_get_warning
      |                               ^
/opt/homebrew/Cellar/ruby/4.0.6_1/include/ruby-4.0.0/ruby/internal/core/rdata.h:317:1: note: 'rb_data_object_get_warning' has been explicitly marked deprecated here
  317 | RBIMPL_ATTRSET_UNTYPED_DATA_FUNC()
      | ^
/opt/homebrew/Cellar/ruby/4.0.6_1/include/ruby-4.0.0/ruby/internal/core/rdata.h:47:5: note: expanded from macro 'RBIMPL_ATTRSET_UNTYPED_DATA_FUNC'
   47 |     RBIMPL_ATTR_DEPRECATED(("by TypedData"))
      |     ^
/opt/homebrew/Cellar/ruby/4.0.6_1/include/ruby-4.0.0/ruby/internal/attr/deprecated.h:36:53: note: expanded from macro 'RBIMPL_ATTR_DEPRECATED'
   36 | # define RBIMPL_ATTR_DEPRECATED(msg) __attribute__((__deprecated__ msg))
      |                                                     ^
commonmarker.c:636:3: warning: 'rb_data_object_get_warning' is deprecated: by TypedData [-Wdeprecated-declarations]
  636 |   Data_Get_Struct(self, cmark_node, node1);
      |   ^
/opt/homebrew/Cellar/ruby/4.0.6_1/include/ruby-4.0.0/ruby/internal/core/rdata.h:278:34: note: expanded from macro 'Data_Get_Struct'
  278 |     ((sval) = RBIMPL_CAST((type*)rb_data_object_get(obj)))
      |                                  ^
/opt/homebrew/Cellar/ruby/4.0.6_1/include/ruby-4.0.0/ruby/internal/core/rdata.h:370:31: note: expanded from macro 'rb_data_object_get'
  370 | #define rb_data_object_get    RUBY_MACRO_SELECT(rb_data_object_get_2, RUBY_UNTYPED_DATA_WARNING)
      |                               ^
/opt/homebrew/Cellar/ruby/4.0.6_1/include/ruby-4.0.0/ruby/internal/core/rdata.h:50:35: note: expanded from macro 'RUBY_MACRO_SELECT'
   50 | #define RUBY_MACRO_SELECT(x, y)   RBIMPL_MACRO_SELECT(x, y)
      |                                   ^
/opt/homebrew/Cellar/ruby/4.0.6_1/include/ruby-4.0.0/ruby/internal/core/rdata.h:49:35: note: expanded from macro 'RBIMPL_MACRO_SELECT'
   49 | #define RBIMPL_MACRO_SELECT(x, y) x ## y
      |                                   ^
<scratch space>:195:1: note: expanded from here
  195 | rb_data_object_get_1
      | ^
/opt/homebrew/Cellar/ruby/4.0.6_1/include/ruby-4.0.0/ruby/internal/core/rdata.h:368:31: note: expanded from macro 'rb_data_object_get_1'
  368 | #define rb_data_object_get_1  rb_data_object_get_warning
      |                               ^
/opt/homebrew/Cellar/ruby/4.0.6_1/include/ruby-4.0.0/ruby/internal/core/rdata.h:317:1: note: 'rb_data_object_get_warning' has been explicitly marked deprecated here
  317 | RBIMPL_ATTRSET_UNTYPED_DATA_FUNC()
      | ^
/opt/homebrew/Cellar/ruby/4.0.6_1/include/ruby-4.0.0/ruby/internal/core/rdata.h:47:5: note: expanded from macro 'RBIMPL_ATTRSET_UNTYPED_DATA_FUNC'
   47 |     RBIMPL_ATTR_DEPRECATED(("by TypedData"))
      |     ^
/opt/homebrew/Cellar/ruby/4.0.6_1/include/ruby-4.0.0/ruby/internal/attr/deprecated.h:36:53: note: expanded from macro 'RBIMPL_ATTR_DEPRECATED'
   36 | # define RBIMPL_ATTR_DEPRECATED(msg) __attribute__((__deprecated__ msg))
      |                                                     ^
commonmarker.c:638:3: warning: 'rb_data_object_get_warning' is deprecated: by TypedData [-Wdeprecated-declarations]
  638 |   Data_Get_Struct(sibling, cmark_node, node2);
      |   ^
/opt/homebrew/Cellar/ruby/4.0.6_1/include/ruby-4.0.0/ruby/internal/core/rdata.h:278:34: note: expanded from macro 'Data_Get_Struct'
  278 |     ((sval) = RBIMPL_CAST((type*)rb_data_object_get(obj)))
      |                                  ^
/opt/homebrew/Cellar/ruby/4.0.6_1/include/ruby-4.0.0/ruby/internal/core/rdata.h:370:31: note: expanded from macro 'rb_data_object_get'
  370 | #define rb_data_object_get    RUBY_MACRO_SELECT(rb_data_object_get_2, RUBY_UNTYPED_DATA_WARNING)
      |                               ^
/opt/homebrew/Cellar/ruby/4.0.6_1/include/ruby-4.0.0/ruby/internal/core/rdata.h:50:35: note: expanded from macro 'RUBY_MACRO_SELECT'
   50 | #define RUBY_MACRO_SELECT(x, y)   RBIMPL_MACRO_SELECT(x, y)
      |                                   ^
/opt/homebrew/Cellar/ruby/4.0.6_1/include/ruby-4.0.0/ruby/internal/core/rdata.h:49:35: note: expanded from macro 'RBIMPL_MACRO_SELECT'
   49 | #define RBIMPL_MACRO_SELECT(x, y) x ## y
      |                                   ^
<scratch space>:196:1: note: expanded from here
  196 | rb_data_object_get_1
      | ^
/opt/homebrew/Cellar/ruby/4.0.6_1/include/ruby-4.0.0/ruby/internal/core/rdata.h:368:31: note: expanded from macro 'rb_data_object_get_1'
  368 | #define rb_data_object_get_1  rb_data_object_get_warning
      |                               ^
/opt/homebrew/Cellar/ruby/4.0.6_1/include/ruby-4.0.0/ruby/internal/core/rdata.h:317:1: note: 'rb_data_object_get_warning' has been explicitly marked deprecated here
  317 | RBIMPL_ATTRSET_UNTYPED_DATA_FUNC()
      | ^
/opt/homebrew/Cellar/ruby/4.0.6_1/include/ruby-4.0.0/ruby/internal/core/rdata.h:47:5: note: expanded from macro 'RBIMPL_ATTRSET_UNTYPED_DATA_FUNC'
   47 |     RBIMPL_ATTR_DEPRECATED(("by TypedData"))
      |     ^
/opt/homebrew/Cellar/ruby/4.0.6_1/include/ruby-4.0.0/ruby/internal/attr/deprecated.h:36:53: note: expanded from macro 'RBIMPL_ATTR_DEPRECATED'
   36 | # define RBIMPL_ATTR_DEPRECATED(msg) __attribute__((__deprecated__ msg))
      |                                                     ^
commonmarker.c:659:3: warning: 'rb_data_object_get_warning' is deprecated: by TypedData [-Wdeprecated-declarations]
  659 |   Data_Get_Struct(self, cmark_node, node1);
      |   ^
/opt/homebrew/Cellar/ruby/4.0.6_1/include/ruby-4.0.0/ruby/internal/core/rdata.h:278:34: note: expanded from macro 'Data_Get_Struct'
  278 |     ((sval) = RBIMPL_CAST((type*)rb_data_object_get(obj)))
      |                                  ^
/opt/homebrew/Cellar/ruby/4.0.6_1/include/ruby-4.0.0/ruby/internal/core/rdata.h:370:31: note: expanded from macro 'rb_data_object_get'
  370 | #define rb_data_object_get    RUBY_MACRO_SELECT(rb_data_object_get_2, RUBY_UNTYPED_DATA_WARNING)
      |                               ^
/opt/homebrew/Cellar/ruby/4.0.6_1/include/ruby-4.0.0/ruby/internal/core/rdata.h:50:35: note: expanded from macro 'RUBY_MACRO_SELECT'
   50 | #define RUBY_MACRO_SELECT(x, y)   RBIMPL_MACRO_SELECT(x, y)
      |                                   ^
/opt/homebrew/Cellar/ruby/4.0.6_1/include/ruby-4.0.0/ruby/internal/core/rdata.h:49:35: note: expanded from macro 'RBIMPL_MACRO_SELECT'
   49 | #define RBIMPL_MACRO_SELECT(x, y) x ## y
      |                                   ^
<scratch space>:197:1: note: expanded from here
  197 | rb_data_object_get_1
      | ^
/opt/homebrew/Cellar/ruby/4.0.6_1/include/ruby-4.0.0/ruby/internal/core/rdata.h:368:31: note: expanded from macro 'rb_data_object_get_1'
  368 | #define rb_data_object_get_1  rb_data_object_get_warning
      |                               ^
/opt/homebrew/Cellar/ruby/4.0.6_1/include/ruby-4.0.0/ruby/internal/core/rdata.h:317:1: note: 'rb_data_object_get_warning' has been explicitly marked deprecated here
  317 | RBIMPL_ATTRSET_UNTYPED_DATA_FUNC()
      | ^
/opt/homebrew/Cellar/ruby/4.0.6_1/include/ruby-4.0.0/ruby/internal/core/rdata.h:47:5: note: expanded from macro 'RBIMPL_ATTRSET_UNTYPED_DATA_FUNC'
   47 |     RBIMPL_ATTR_DEPRECATED(("by TypedData"))
      |     ^
/opt/homebrew/Cellar/ruby/4.0.6_1/include/ruby-4.0.0/ruby/internal/attr/deprecated.h:36:53: note: expanded from macro 'RBIMPL_ATTR_DEPRECATED'
   36 | # define RBIMPL_ATTR_DEPRECATED(msg) __attribute__((__deprecated__ msg))
      |                                                     ^
commonmarker.c:661:3: warning: 'rb_data_object_get_warning' is deprecated: by TypedData [-Wdeprecated-declarations]
  661 |   Data_Get_Struct(child, cmark_node, node2);
      |   ^
/opt/homebrew/Cellar/ruby/4.0.6_1/include/ruby-4.0.0/ruby/internal/core/rdata.h:278:34: note: expanded from macro 'Data_Get_Struct'
  278 |     ((sval) = RBIMPL_CAST((type*)rb_data_object_get(obj)))
      |                                  ^
/opt/homebrew/Cellar/ruby/4.0.6_1/include/ruby-4.0.0/ruby/internal/core/rdata.h:370:31: note: expanded from macro 'rb_data_object_get'
  370 | #define rb_data_object_get    RUBY_MACRO_SELECT(rb_data_object_get_2, RUBY_UNTYPED_DATA_WARNING)
      |                               ^
/opt/homebrew/Cellar/ruby/4.0.6_1/include/ruby-4.0.0/ruby/internal/core/rdata.h:50:35: note: expanded from macro 'RUBY_MACRO_SELECT'
   50 | #define RUBY_MACRO_SELECT(x, y)   RBIMPL_MACRO_SELECT(x, y)
      |                                   ^
/opt/homebrew/Cellar/ruby/4.0.6_1/include/ruby-4.0.0/ruby/internal/core/rdata.h:49:35: note: expanded from macro 'RBIMPL_MACRO_SELECT'
   49 | #define RBIMPL_MACRO_SELECT(x, y) x ## y
      |                                   ^
<scratch space>:198:1: note: expanded from here
  198 | rb_data_object_get_1
      | ^
/opt/homebrew/Cellar/ruby/4.0.6_1/include/ruby-4.0.0/ruby/internal/core/rdata.h:368:31: note: expanded from macro 'rb_data_object_get_1'
  368 | #define rb_data_object_get_1  rb_data_object_get_warning
      |                               ^
/opt/homebrew/Cellar/ruby/4.0.6_1/include/ruby-4.0.0/ruby/internal/core/rdata.h:317:1: note: 'rb_data_object_get_warning' has been explicitly marked deprecated here
  317 | RBIMPL_ATTRSET_UNTYPED_DATA_FUNC()
      | ^
/opt/homebrew/Cellar/ruby/4.0.6_1/include/ruby-4.0.0/ruby/internal/core/rdata.h:47:5: note: expanded from macro 'RBIMPL_ATTRSET_UNTYPED_DATA_FUNC'
   47 |     RBIMPL_ATTR_DEPRECATED(("by TypedData"))
      |     ^
/opt/homebrew/Cellar/ruby/4.0.6_1/include/ruby-4.0.0/ruby/internal/attr/deprecated.h:36:53: note: expanded from macro 'RBIMPL_ATTR_DEPRECATED'
   36 | # define RBIMPL_ATTR_DEPRECATED(msg) __attribute__((__deprecated__ msg))
      |                                                     ^
commonmarker.c:682:3: warning: 'rb_data_object_get_warning' is deprecated: by TypedData [-Wdeprecated-declarations]
  682 |   Data_Get_Struct(self, cmark_node, node1);
      |   ^
/opt/homebrew/Cellar/ruby/4.0.6_1/include/ruby-4.0.0/ruby/internal/core/rdata.h:278:34: note: expanded from macro 'Data_Get_Struct'
  278 |     ((sval) = RBIMPL_CAST((type*)rb_data_object_get(obj)))
      |                                  ^
/opt/homebrew/Cellar/ruby/4.0.6_1/include/ruby-4.0.0/ruby/internal/core/rdata.h:370:31: note: expanded from macro 'rb_data_object_get'
  370 | #define rb_data_object_get    RUBY_MACRO_SELECT(rb_data_object_get_2, RUBY_UNTYPED_DATA_WARNING)
      |                               ^
/opt/homebrew/Cellar/ruby/4.0.6_1/include/ruby-4.0.0/ruby/internal/core/rdata.h:50:35: note: expanded from macro 'RUBY_MACRO_SELECT'
   50 | #define RUBY_MACRO_SELECT(x, y)   RBIMPL_MACRO_SELECT(x, y)
      |                                   ^
/opt/homebrew/Cellar/ruby/4.0.6_1/include/ruby-4.0.0/ruby/internal/core/rdata.h:49:35: note: expanded from macro 'RBIMPL_MACRO_SELECT'
   49 | #define RBIMPL_MACRO_SELECT(x, y) x ## y
      |                                   ^
<scratch space>:199:1: note: expanded from here
  199 | rb_data_object_get_1
      | ^
/opt/homebrew/Cellar/ruby/4.0.6_1/include/ruby-4.0.0/ruby/internal/core/rdata.h:368:31: note: expanded from macro 'rb_data_object_get_1'
  368 | #define rb_data_object_get_1  rb_data_object_get_warning
      |                               ^
/opt/homebrew/Cellar/ruby/4.0.6_1/include/ruby-4.0.0/ruby/internal/core/rdata.h:317:1: note: 'rb_data_object_get_warning' has been explicitly marked deprecated here
  317 | RBIMPL_ATTRSET_UNTYPED_DATA_FUNC()
      | ^
/opt/homebrew/Cellar/ruby/4.0.6_1/include/ruby-4.0.0/ruby/internal/core/rdata.h:47:5: note: expanded from macro 'RBIMPL_ATTRSET_UNTYPED_DATA_FUNC'
   47 |     RBIMPL_ATTR_DEPRECATED(("by TypedData"))
      |     ^
/opt/homebrew/Cellar/ruby/4.0.6_1/include/ruby-4.0.0/ruby/internal/attr/deprecated.h:36:53: note: expanded from macro 'RBIMPL_ATTR_DEPRECATED'
   36 | # define RBIMPL_ATTR_DEPRECATED(msg) __attribute__((__deprecated__ msg))
      |                                                     ^
commonmarker.c:684:3: warning: 'rb_data_object_get_warning' is deprecated: by TypedData [-Wdeprecated-declarations]
  684 |   Data_Get_Struct(child, cmark_node, node2);
      |   ^
/opt/homebrew/Cellar/ruby/4.0.6_1/include/ruby-4.0.0/ruby/internal/core/rdata.h:278:34: note: expanded from macro 'Data_Get_Struct'
  278 |     ((sval) = RBIMPL_CAST((type*)rb_data_object_get(obj)))
      |                                  ^
/opt/homebrew/Cellar/ruby/4.0.6_1/include/ruby-4.0.0/ruby/internal/core/rdata.h:370:31: note: expanded from macro 'rb_data_object_get'
  370 | #define rb_data_object_get    RUBY_MACRO_SELECT(rb_data_object_get_2, RUBY_UNTYPED_DATA_WARNING)
      |                               ^
/opt/homebrew/Cellar/ruby/4.0.6_1/include/ruby-4.0.0/ruby/internal/core/rdata.h:50:35: note: expanded from macro 'RUBY_MACRO_SELECT'
   50 | #define RUBY_MACRO_SELECT(x, y)   RBIMPL_MACRO_SELECT(x, y)
      |                                   ^
/opt/homebrew/Cellar/ruby/4.0.6_1/include/ruby-4.0.0/ruby/internal/core/rdata.h:49:35: note: expanded from macro 'RBIMPL_MACRO_SELECT'
   49 | #define RBIMPL_MACRO_SELECT(x, y) x ## y
      |                                   ^
<scratch space>:200:1: note: expanded from here
  200 | rb_data_object_get_1
      | ^
/opt/homebrew/Cellar/ruby/4.0.6_1/include/ruby-4.0.0/ruby/internal/core/rdata.h:368:31: note: expanded from macro 'rb_data_object_get_1'
  368 | #define rb_data_object_get_1  rb_data_object_get_warning
      |                               ^
/opt/homebrew/Cellar/ruby/4.0.6_1/include/ruby-4.0.0/ruby/internal/core/rdata.h:317:1: note: 'rb_data_object_get_warning' has been explicitly marked deprecated here
  317 | RBIMPL_ATTRSET_UNTYPED_DATA_FUNC()
      | ^
/opt/homebrew/Cellar/ruby/4.0.6_1/include/ruby-4.0.0/ruby/internal/core/rdata.h:47:5: note: expanded from macro 'RBIMPL_ATTRSET_UNTYPED_DATA_FUNC'
   47 |     RBIMPL_ATTR_DEPRECATED(("by TypedData"))
      |     ^
/opt/homebrew/Cellar/ruby/4.0.6_1/include/ruby-4.0.0/ruby/internal/attr/deprecated.h:36:53: note: expanded from macro 'RBIMPL_ATTR_DEPRECATED'
   36 | # define RBIMPL_ATTR_DEPRECATED(msg) __attribute__((__deprecated__ msg))
      |                                                     ^
commonmarker.c:701:3: warning: 'rb_data_object_get_warning' is deprecated: by TypedData [-Wdeprecated-declarations]
  701 |   Data_Get_Struct(self, cmark_node, node);
      |   ^
/opt/homebrew/Cellar/ruby/4.0.6_1/include/ruby-4.0.0/ruby/internal/core/rdata.h:278:34: note: expanded from macro 'Data_Get_Struct'
  278 |     ((sval) =compiling  RBIMPL_CAST((typfootnotes.c
e*)rb_data_object_get(obj)))
      |                                  ^
/opt/homebrew/Cellar/ruby/4.0.6_1/include/ruby-4.0.0/ruby/internal/core/rdata.h:370:31: note: expanded from macro 'rb_data_object_get'
  370 | #define rb_data_object_get    RUBY_MACRO_SELECT(rb_data_object_get_2, RUBY_UNTYPED_DATA_WARNING)
      |                               ^
/opt/homebrew/Cellar/ruby/4.0.6_1/include/ruby-4.0.0/ruby/internal/core/rdata.h:50:35: note: expanded from macro 'RUBY_MACRO_SELECT'
   50 | #define RUBY_MACRO_SELECT(x, y)   RBIMPL_MACRO_SELECT(x, y)
      |                                   ^
/opt/homebrew/Cellar/ruby/4.0.6_1/include/ruby-4.0.0/ruby/internal/core/rdata.h:49:35: note: expanded from macro 'RBIMPL_MACRO_SELECT'
   49 | #define RBIMPL_MACRO_SELECT(x, y) x ## y
      |                                   ^
<scratch space>:201:1: note: expanded from here
  201 | rb_data_object_get_1
      | ^
/opt/homebrew/Cellar/ruby/4.0.6_1/include/ruby-4.0.0/ruby/internal/core/rdata.h:368:31: note: expanded from macro 'rb_data_object_get_1'
  368 | #define rb_data_object_get_1  rb_data_object_get_warning
      |                               ^
/opt/homebrew/Cellar/ruby/4.0.6_1/include/ruby-4.0.0/ruby/internal/core/rdata.h:317:1: note: 'rb_data_object_get_warning' has been explicitly marked deprecated here
  317 | RBIMPL_ATTRSET_UNTYPED_DATA_FUNC()
      | ^
/opt/homebrew/Cellar/ruby/4.0.6_1/include/ruby-4.0.0/ruby/internal/core/rdata.h:47:5: note: expanded from macro 'RBIMPL_ATTRSET_UNTYPED_DATA_FUNC'
   47 |     RBIMPL_ATTR_DEPRECATED(("by TypedData"))
      |     ^
/opt/homebrew/Cellar/ruby/4.0.6_1/include/ruby-4.0.0/ruby/internal/attr/deprecated.h:36:53: note: expanded from macro 'RBIMPL_ATTR_DEPRECATED'
   36 | # define RBIMPL_ATTR_DEPRECATED(msg) __attribute__((__deprecated__ msg))
      |                                                     ^
commonmarker.c:714:3: warning: 'rb_data_object_get_warning' is deprecated: by TypedData [-Wdeprecated-declarations]
  714 |   Data_Get_Struct(self, cmark_node, node);
      |   ^
/opt/homebrew/Cellar/ruby/4.0.6_1/include/ruby-4.0.0/ruby/internal/core/rdata.h:278:34: note: expanded from macro 'Data_Get_Struct'
  278 |     ((sval) = RBIMPL_CAST((type*)rb_data_object_get(obj)))
      |                                  ^
/opt/homebrew/Cellar/ruby/4.0.6_1/include/ruby-4.0.0/ruby/internal/core/rdata.h:370:31: note: expanded from macro 'rb_data_object_get'
  370 | #define rb_data_object_get    RUBY_MACRO_SELECT(rb_data_object_get_2, RUBY_UNTYPED_DATA_WARNING)
      |                               ^
/opt/homebrew/Cellar/ruby/4.0.6_1/include/ruby-4.0.0/ruby/internal/core/rdata.h:50:35: note: expanded from macro 'RUBY_MACRO_SELECT'
   50 | #define RUBY_MACRO_SELECT(x, y)   RBIMPL_MACRO_SELECT(x, y)
      |                                   ^
/opt/homebrew/Cellar/ruby/4.0.6_1/include/ruby-4.0.0/ruby/internal/core/rdata.h:49:35: note: expanded from macro 'RBIMPL_MACRO_SELECT'
   49 | #define RBIMPL_MACRO_SELECT(x, y) x ## y
      |                                   ^
<scratch space>:202:1: note: expanded from here
  202 | rb_data_object_get_1
      | ^
/opt/homebrew/Cellar/ruby/4.0.6_1/include/ruby-4.0.0/ruby/internal/core/rdata.h:368:31: note: expanded from macro 'rb_data_object_get_1'
  368 | #define rb_data_object_get_1  rb_data_object_get_warning
      |                               ^
/opt/homebrew/Cellar/ruby/4.0.6_1/include/ruby-4.0.0/ruby/internal/core/rdata.h:317:1: note: 'rb_data_object_get_warning' has been explicitly marked deprecated here
  317 | RBIMPL_ATTRSET_UNTYPED_DATA_FUNC()
      | ^
/opt/homebrew/Cellar/ruby/4.0.6_1/include/ruby-4.0.0/ruby/internal/core/rdata.h:47:5: note: expanded from macro 'RBIMPL_ATTRSET_UNTYPED_DATA_FUNC'
   47 |     RBIMPL_ATTR_DEPRECATED(("by TypedData"))
      |     ^
/opt/homebrew/Cellar/ruby/4.0.6_1/include/ruby-4.0.0/ruby/internal/attr/deprecated.h:36:53: note: expanded from macro 'RBIMPL_ATTR_DEPRECATED'
   36 | # define RBIMPL_ATTR_DEPRECATED(msg) __attribute__((__deprecated__ msg))
      |                                                     ^
commonmarker.c:727:3: warning: 'rb_data_object_get_warning' is deprecated: by TypedData [-Wdeprecated-declarations]
  727 |   Data_Get_Struct(self, cmark_node, node);
      |   ^
/opt/homebrew/Cellar/ruby/4.0.6_1/include/ruby-4.0.0/ruby/internal/core/rdata.h:278:34: note: expanded from macro 'Data_Get_Struct'
  278 |     ((sval) = RBIMPL_CAST((type*)rb_data_object_get(obj)))
      |                                  ^
/opt/homebrew/Cellar/ruby/4.0.6_1/include/ruby-4.0.0/ruby/internal/core/rdata.h:370:31: note: expanded from macro 'rb_data_object_get'
  370 | #define rb_data_object_get    RUBY_MACRO_SELECT(rb_data_object_get_2, RUBY_UNTYPED_DATA_WARNING)
      |                               ^
/opt/homebrew/Cellar/ruby/4.0.6_1/include/ruby-4.0.0/ruby/internal/core/rdata.h:50:35: note: expanded from macro 'RUBY_MACRO_SELECT'
   50 | #define RUBY_MACRO_SELECT(x, y)   RBIMPL_MACRO_SELECT(x, y)
      |                                   ^
/opt/homebrew/Cellar/ruby/4.0.6_1/include/ruby-4.0.0/ruby/internal/core/rdata.h:49:35: note: expanded from macro 'RBIMPL_MACRO_SELECT'
   49 | #define RBIMPL_MACRO_SELECT(x, y) x ## y
      |                                   ^
<scratch space>:203:1: note: expanded from here
  203 | rb_data_object_get_1
      | ^
/opt/homebrew/Cellar/ruby/4.0.6_1/include/ruby-4.0.0/ruby/internal/core/rdata.h:368:31: note: expanded from macro 'rb_data_object_get_1'
  368 | #define rb_data_object_get_1  rb_data_object_get_warning
      |                               ^
/opt/homebrew/Cellar/ruby/4.0.6_1/include/ruby-4.0.0/ruby/internal/core/rdata.h:317:1: note: 'rb_data_object_get_warning' has been explicitly marked deprecated here
  317 | RBIMPL_ATTRSET_UNTYPED_DATA_FUNC()
      | ^
/opt/homebrew/Cellar/ruby/4.0.6_1/include/ruby-4.0.0/ruby/internal/core/rdata.h:47:5: note: expanded from macro 'RBIMPL_ATTRSET_UNTYPED_DATA_FUNC'
   47 |     RBIMPL_ATTR_DEPRECATED(("by TypedData"))
      |     ^
/opt/homebrew/Cellar/ruby/4.0.6_1/include/ruby-4.0.0/ruby/internal/attr/deprecated.h:36:53: note: expanded from macro 'RBIMPL_ATTR_DEPRECATED'
   36 | # define RBIMPL_ATTR_DEPRECATED(msg) __attribute__((__deprecated__ msg))
      |                                                     ^
commonmarker.c:743:3: warning: 'rb_data_object_get_warning' is deprecated: by TypedData [-Wdeprecated-declarations]
  743 |   Data_Get_Struct(self, cmark_node, node);
      |   ^
/opt/homebrew/Cellar/ruby/4.0.6_1/include/ruby-4.0.0/ruby/internal/core/rdata.h:278:34: note: expanded from macro 'Data_Get_Struct'
  278 |     ((sval) = RBIMPL_CAST((type*)rb_data_object_get(obj)))
      |                                  ^
/opt/homebrew/Cellar/ruby/4.0.6_1/include/ruby-4.0.0/ruby/internal/core/rdata.h:370:31: note: expanded from macro 'rb_data_object_get'
  370 | #define rb_data_object_get    RUBY_MACRO_SELECT(rb_data_object_get_2, RUBY_UNTYPED_DATA_WARNING)
      |                               ^
/opt/homebrew/Cellar/ruby/4.0.6_1/include/ruby-4.0.0/ruby/internal/core/rdata.h:50:35: note: expanded from macro 'RUBY_MACRO_SELECT'
   50 | #define RUBY_MACRO_SELECT(x, y)   RBIMPL_MACRO_SELECT(x, y)
      |                                   ^
/opt/homebrew/Cellar/ruby/4.0.6_1/include/ruby-4.0.0/ruby/internal/core/rdata.h:49:35: note: expanded from macro 'RBIMPL_MACRO_SELECT'
   49 | #define RBIMPL_MACRO_SELECT(x, y) x ## y
      |                                   ^
<scratch space>:204:1: note: expanded from here
  204 | rb_data_object_get_1
      | ^
/opt/homebrew/Cellar/ruby/4.0.6_1/include/ruby-4.0.0/ruby/internal/core/rdata.h:368:31: note: expanded from macro 'rb_data_object_get_1'
  368 | #define rb_data_object_get_1  rb_data_object_get_warning
      |                               ^
/opt/homebrew/Cellar/ruby/4.0.6_1/include/ruby-4.0.0/ruby/internal/core/rdata.h:317:1: note: 'rb_data_object_get_warning' has been explicitly marked deprecated here
  317 | RBIMPL_ATTRSET_UNTYPED_DATA_FUNC()
      | ^
/opt/homebrew/Cellar/ruby/4.0.6_1/include/ruby-4.0.0/ruby/internal/core/rdata.h:47:5: note: expanded from macro 'RBIMPL_ATTRSET_UNTYPED_DATA_FUNC'
   47 |     RBIMPL_ATTR_DEPRECATED(("by TypedData"))
      |     ^
/opt/homebrew/Cellar/ruby/4.0.6_1/include/ruby-4.0.0/ruby/internal/attr/deprecated.h:36:53: note: expanded from macro 'RBIMPL_ATTR_DEPRECATED'
   36 | # define RBIMPL_ATTR_DEPRECATED(msg) __attribute__((__deprecated__ msg))
      |                                                     ^
commonmarker.c:765:3: warning: 'rb_data_object_get_warning' is deprecated: by TypedData [-Wdeprecated-declarations]
  765 |   Data_Get_Struct(self, cmark_node, node);
      |   ^
/opt/homebrew/Cellar/ruby/4.0.6_1/include/ruby-4.0.0/ruby/internal/core/rdata.h:278:34: note: expanded from macro 'Data_Get_Struct'
  278 |     ((sval) = RBIMPL_CAST((type*)rb_data_object_get(obj)))
      |                                  ^
/opt/homebrew/Cellar/ruby/4.0.6_1/include/ruby-4.0.0/ruby/internal/core/rdata.h:370:31: note: expanded from macro 'rb_data_object_get'
  370 | #define rb_data_object_get    RUBY_MACRO_SELECT(rb_data_object_get_2, RUBY_UNTYPED_DATA_WARNING)
      |                               ^
/opt/homebrew/Cellar/ruby/4.0.6_1/include/ruby-4.0.0/ruby/internal/core/rdata.h:50:35: note: expanded from macro 'RUBY_MACRO_SELECT'
   50 | #define RUBY_MACRO_SELECT(x, y)   RBIMPL_MACRO_SELECT(x, y)
      |                                   ^
/opt/homebrew/Cellar/ruby/4.0.6_1/include/ruby-4.0.0/ruby/internal/core/rdata.h:49:35: note: expanded from macro 'RBIMPL_MACRO_SELECT'
   49 | #define RBIMPL_MACRO_SELECT(x, y) x ## y
      |                                   ^
<scratch space>:205:1: note: expanded from here
  205 | rb_data_object_get_1
      | ^
/opt/homebrew/Cellar/ruby/4.0.6_1/include/ruby-4.0.0/ruby/internal/core/rdata.h:368:31: note: expanded from macro 'rb_data_object_get_1'
  368 | #define rb_data_object_get_1  rb_data_object_get_warning
      |                               ^
/opt/homebrew/Cellar/ruby/4.0.6_1/include/ruby-4.0.0/ruby/internal/core/rdata.h:317:1: note: 'rb_data_object_get_warning' has been explicitly marked deprecated here
  317 | RBIMPL_ATTRSET_UNTYPED_DATA_FUNC()
      | ^
/opt/homebrew/Cellar/ruby/4.0.6_1/include/ruby-4.0.0/ruby/internal/core/rdata.h:47:5: note: expanded from macro 'RBIMPL_ATTRSET_UNTYPED_DATA_FUNC'
   47 |     RBIMPL_ATTR_DEPRECATED(("by TypedData"))
      |     ^
/opt/homebrew/Cellar/ruby/4.0.6_1/include/ruby-4.0.0/ruby/internal/attr/deprecated.h:36:53: note: expanded from macro 'RBIMPL_ATTR_DEPRECATED'
   36 | # define RBIMPL_ATTR_DEPRECATED(msg) __attribute__((__deprecated__ msg))
      |                                                     ^
commonmarker.c:784:3: warning: 'rb_data_object_get_warning' is deprecated: by TypedData [-Wdeprecated-declarations]
  784 |   Data_Get_Struct(self, cmark_node, node);
      |   ^
/opt/homebrew/Cellar/ruby/4.0.6_1/include/ruby-4.0.0/ruby/internal/core/rdata.h:278:34: note: expanded from macro 'Data_Get_Struct'
  278 |     ((sval) = RBIMPL_CAST((type*)rb_data_object_get(obj)))
      |                                  ^
/opt/homebrew/Cellar/ruby/4.0.6_1/include/ruby-4.0.0/ruby/internal/core/rdata.h:370:31: note: expanded from macro 'rb_data_object_get'
  370 | #define rb_data_object_get    RUBY_MACRO_SELECT(rb_data_object_get_2, RUBY_UNTYPED_DATA_WARNING)
      |                               ^
/opt/homebrew/Cellar/ruby/4.0.6_1/include/ruby-4.0.0/ruby/internal/core/rdata.h:50:35: note: expanded from macro 'RUBY_MACRO_SELECT'
   50 | #define RUBY_MACRO_SELECT(x, y)   RBIMPL_MACRO_SELECT(x, y)
      |                                   ^
/opt/homebrew/Cellar/ruby/4.0.6_1/include/ruby-4.0.0/ruby/internal/core/rdata.h:49:35: note: expanded from macro 'RBIMPL_MACRO_SELECT'
   49 | #define RBIMPL_MACRO_SELECT(x, y) x ## y
      |                                   ^
<scratch space>:206:1: note: expanded from here
  206 | rb_data_object_get_1
      | ^
/opt/homebrew/Cellar/ruby/4.0.6_1/include/ruby-4.0.0/ruby/internal/core/rdata.h:368:31: note: expanded from macro 'rb_data_object_get_1'
  368 | #define rb_data_object_get_1  rb_data_object_get_warning
      |                               ^
/opt/homebrew/Cellar/ruby/4.0.6_1/include/ruby-4.0.0/ruby/internal/core/rdata.h:317:1: note: 'rb_data_object_get_warning' has been explicitly marked deprecated here
  317 | RBIMPL_ATTRSET_UNTYPED_DATA_FUNC()
      | ^
/opt/homebrew/Cellar/ruby/4.0.6_1/include/ruby-4.0.0/ruby/internal/core/rdata.h:47:5: note: expanded from macro 'RBIMPL_ATTRSET_UNTYPED_DATA_FUNC'
   47 |     RBIMPL_ATTR_DEPRECATED(("by TypedData"))
      |     ^
/opt/homebrew/Cellar/ruby/4.0.6_1/include/ruby-4.0.0/ruby/internal/attr/deprecated.h:36:53: note: expanded from macro 'RBIMPL_ATTR_DEPRECATED'
   36 | # define RBIMPL_ATTR_DEPRECATED(msg) __attribute__((__deprecated__ msg))
      |                                                     ^
commonmarker.c:806:3: warning: 'rb_data_object_get_warning' is deprecated: by TypedData [-Wdeprecated-declarations]
  806 |   Data_Get_Struct(self, cmark_node, node);
      |   ^
/opt/homebrew/Cellar/ruby/4.0.6_1/include/ruby-4.0.0/ruby/internal/core/rdata.h:278:34: note: expanded from macro 'Data_Get_Struct'
  278 |     ((sval) = RBIMPL_CAST((type*)rb_data_object_get(obj)))
      |                                  ^
/opt/homebrew/Cellar/ruby/4.0.6_1/include/ruby-4.0.0/ruby/internal/core/rdata.h:370:31: note: expanded from macro 'rb_data_object_get'
  370 | #define rb_data_object_get    RUBY_MACRO_SELECT(rb_data_object_get_2, RUBY_UNTYPED_DATA_WARNING)
      |                               ^
/opt/homebrew/Cellar/ruby/4.0.6_1/include/ruby-4.0.0/ruby/internal/core/rdata.h:50:35: note: expanded from macro 'RUBY_MACRO_SELECT'
   50 | #define RUBY_MACRO_SELECT(x, y)   RBIMPL_MACRO_SELECT(x, y)
      |                                   ^
/opt/homebrew/Cellar/ruby/4.0.6_1/include/ruby-4.0.0/ruby/internal/core/rdata.h:49:35: note: expanded from macro 'RBIMPL_MACRO_SELECT'
   49 | #define RBIMPL_MACRO_SELECT(x, y) x ## y
      |                                   ^
<scratch space>:207:1: note: expanded from here
  207 | rb_data_object_get_1
      | ^
/opt/homebrew/Cellar/ruby/4.0.6_1/include/ruby-4.0.0/ruby/internal/core/rdata.h:368:31: note: expanded from macro 'rb_data_object_get_1'
  368 | #define rb_data_object_get_1  rb_data_object_get_warning
      |                               ^
/opt/homebrew/Cellar/ruby/4.0.6_1/include/ruby-4.0.0/ruby/internal/core/rdata.h:317:1: note: 'rb_data_object_get_warning' has been explicitly marked deprecated here
  317 | RBIMPL_ATTRSET_UNTYPED_DATA_FUNC()
      | ^
/opt/homebrew/Cellar/ruby/4.0.6_1/include/ruby-4.0.0/ruby/internal/core/rdata.h:47:5: note: expanded from macro 'RBIMPL_ATTRSET_UNTYPED_DATA_FUNC'
   47 |     RBIMPL_ATTR_DEPRECATED(("by TypedData"))
      |     ^
/opt/homebrew/Cellar/ruby/4.0.6_1/include/ruby-4.0.0/ruby/internal/attr/deprecated.h:36:53: note: expanded from macro 'RBIMPL_ATTR_DEPRECATED'
   36 | # define RBIMPL_ATTR_DEPRECATED(msg) __attribute__((__deprecated__ msg))
      |                                                     ^
commonmarker.c:825:3: warning: 'rb_data_object_get_warning' is deprecated: by TypedData [-Wdeprecated-declarations]
  825 |   Data_Get_Struct(self, cmark_node, node);
      |   ^
/opt/homebrew/Cellar/ruby/4.0.6_1/include/ruby-4.0.0/ruby/internal/core/rdata.h:278:34: note: expanded from macro 'Data_Get_Struct'
  278 |     ((sval) = RBIMPL_CAST((type*)rb_data_object_get(obj)))
      |                                  ^
/opt/homebrew/Cellar/ruby/4.0.6_1/include/ruby-4.0.0/ruby/internal/core/rdata.h:370:31: note: expanded from macro 'rb_data_object_get'
  370 | #define rb_data_object_get    RUBY_MACRO_SELECT(rb_data_object_get_2, RUBY_UNTYPED_DATA_WARNING)
      |                               ^
/opt/homebrew/Cellar/ruby/4.0.6_1/include/ruby-4.0.0/ruby/internal/core/rdata.h:50:35: note: expanded from macro 'RUBY_MACRO_SELECT'
   50 | #define RUBY_MACRO_SELECT(x, y)   RBIMPL_MACRO_SELECT(x, y)
      |                                   ^
/opt/homebrew/Cellar/ruby/4.0.6_1/include/ruby-4.0.0/ruby/internal/core/rdata.h:49:35: note: expanded from macro 'RBIMPL_MACRO_SELECT'
   49 | #define RBIMPL_MACRO_SELECT(x, y) x ## y
      |                                   ^
<scratch space>:208:1: note: expanded from here
  208 | rb_data_object_get_1
      | ^
/opt/homebrew/Cellar/ruby/4.0.6_1/include/ruby-4.0.0/ruby/internal/core/rdata.h:368:31: note: expanded from macro 'rb_data_object_get_1'
  368 | #define rb_data_object_get_1  rb_data_object_get_warning
      |                               ^
/opt/homebrew/Cellar/ruby/4.0.6_1/include/ruby-4.0.0/ruby/internal/core/rdata.h:317:1: note: 'rb_data_object_get_warning' has been explicitly marked deprecated here
  317 | RBIMPL_ATTRSET_UNTYPED_DATA_FUNC()
      | ^
/opt/homebrew/Cellar/ruby/4.0.6_1/include/ruby-4.0.0/ruby/internal/core/rdata.h:47:5: note: expanded from macro 'RBIMPL_ATTRSET_UNTYPED_DATA_FUNC'
   47 |     RBIMPL_ATTR_DEPRECATED(("by TypedData"))
      |     ^
/opt/homebrew/Cellar/ruby/4.0.6_1/include/ruby-4.0.0/ruby/internal/attr/deprecated.h:36:53: note: expanded from macro 'RBIMPL_ATTR_DEPRECATED'
   36 | # define RBIMPL_ATTR_DEPRECATED(msg) __attribute__((__deprecated__ msg))
      |                                                     ^
commonmarker.c:848:3: warning: 'rb_data_object_get_warning' is deprecated: by TypedData [-Wdeprecated-declarations]
  848 |   Data_Get_Struct(self, cmark_node, node);
      |   ^
/opt/homebrew/Cellar/ruby/4.0.6_1/include/ruby-4.0.0/ruby/internal/core/rdata.h:278:34: note: expanded from macro 'Data_Get_Struct'
  278 |     ((sval) = RBIMPL_CAST((type*)rb_data_object_get(obj)))
      |                                  ^
/opt/homebrew/Cellar/ruby/4.0.6_1/include/ruby-4.0.0/ruby/internal/core/rdata.h:370:31: note: expanded from macro 'rb_data_object_get'
  370 | #define rb_data_object_get    RUBY_MACRO_SELECT(rb_data_object_get_2, RUBY_UNTYPED_DATA_WARNING)
      |                               ^
/opt/homebrew/Cellar/ruby/4.0.6_1/include/ruby-4.0.0/ruby/internal/core/rdata.h:50:35: note: expanded from macro 'RUBY_MACRO_SELECT'
   50 | #define RUBY_MACRO_SELECT(x, y)   RBIMPL_MACRO_SELECT(x, y)
      |                                   ^
/opt/homebrew/Cellar/ruby/4.0.6_1/include/ruby-4.0.0/ruby/internal/core/rdata.h:49:35: note: expanded from macro 'RBIMPL_MACRO_SELECT'
   49 | #define RBIMPL_MACRO_SELECT(x, y) x ## y
      |                                   ^
<scratch space>:209:1: note: expanded from here
  209 | rb_data_object_get_1
      | ^
/opt/homebrew/Cellar/ruby/4.0.6_1/include/ruby-4.0.0/ruby/internal/core/rdata.h:368:31: note: expanded from macro 'rb_data_object_get_1'
  368 | #define rb_data_object_get_1  rb_data_object_get_warning
      |                               ^
/opt/homebrew/Cellar/ruby/4.0.6_1/include/ruby-4.0.0/ruby/internal/core/rdata.h:317:1: note: 'rb_data_object_get_warning' has been explicitly marked deprecated here
  317 | RBIMPL_ATTRSET_UNTYPED_DATA_FUNC()
      | ^
/opt/homebrew/Cellar/ruby/4.0.6_1/include/ruby-4.0.0/ruby/internal/core/rdata.h:47:5: note: expanded from macro 'RBIMPL_ATTRSET_UNTYPED_DATA_FUNC'
   47 |     RBIMPL_ATTR_DEPRECATED(("by TypedData"))
      |     ^
/opt/homebrew/Cellar/ruby/4.0.6_1/include/ruby-4.0.0/ruby/internal/attr/deprecated.h:36:53: note: expanded from macro 'RBIMPL_ATTR_DEPRECATED'
   36 | # define RBIMPL_ATTR_DEPRECATED(msg) __attribute__((__deprecated__ msg))
      |                                                     ^
commonmarker.c:868:3: warning: 'rb_data_object_get_warning' is deprecated: by TypedData [-Wdeprecated-declarations]
  868 |   Data_Get_Struct(self, cmark_node, node);
      |   ^
/opt/homebrew/Cellar/ruby/4.0.6_1/include/ruby-4.0.0/ruby/internal/core/rdata.h:278:34: note: expanded from macro 'Data_Get_Struct'
  278 |     ((sval) = RBIMPL_CAST((type*)rb_data_object_get(obj)))
      |                                  ^
/opt/homebrew/Cellar/ruby/4.0.6_1/include/ruby-4.0.0/ruby/internal/core/rdata.h:370:31: note: expanded from macro 'rb_data_object_get'
  370 | #define rb_data_object_get    RUBY_MACRO_SELECT(rb_data_object_get_2, RUBY_UNTYPED_DATA_WARNING)
      |                               ^
/opt/homebrew/Cellar/ruby/4.0.6_1/include/ruby-4.0.0/ruby/internal/core/rdata.h:50:35: note: expanded from macro 'RUBY_MACRO_SELECT'
   50 | #define RUBY_MACRO_SELECT(x, y)   RBIMPL_MACRO_SELECT(x, y)
      |                                   ^
/opt/homebrew/Cellar/ruby/4.0.6_1/include/ruby-4.0.0/ruby/internal/core/rdata.h:49:35: note: expanded from macro 'RBIMPL_MACRO_SELECT'
   49 | #define RBIMPL_MACRO_SELECT(x, y) x ## y
      |                                   ^
<scratch space>:210:1: note: expanded from here
  210 | rb_data_object_get_1
      | ^
/opt/homebrew/Cellar/ruby/4.0.6_1/include/ruby-4.0.0/ruby/internal/core/rdata.h:368:31: note: expanded from macro 'rb_data_object_get_1'
  368 | #define rb_data_object_get_1  rb_data_object_get_warning
      |                               ^
/opt/homebrew/Cellar/ruby/4.0.6_1/include/ruby-4.0.0/ruby/internal/core/rdata.h:317:1: note: 'rb_data_object_get_warning' has been explicitly marked deprecated here
  317 | RBIMPL_ATTRSET_UNTYPED_DATA_FUNC()
      | ^
/opt/homebrew/Cellar/ruby/4.0.6_1/include/ruby-4.0.0/ruby/internal/core/rdata.h:47:5: note: expanded from macro 'RBIMPL_ATTRSET_UNTYPED_DATA_FUNC'
   47 |     RBIMPL_ATTR_DEPRECATED(("by TypedData"))
      |     ^
/opt/homebrew/Cellar/ruby/4.0.6_1/include/ruby-4.0.0/ruby/internal/attr/deprecated.h:36:53: note: expanded from macro 'RBIMPL_ATTR_DEPRECATED'
   36 | # define RBIMPL_ATTR_DEPRECATED(msg) __attribute__((__deprecated__ msg))
      |                                                     ^
commonmarker.c:895:3: warning: 'rb_data_object_get_warning' is deprecated: by TypedData [-Wdeprecated-declarations]
  895 |   Data_Get_Struct(self, cmark_node, node);
      |   ^
/opt/homebrew/Cellar/ruby/4.0.6_1/include/ruby-4.0.0/ruby/internal/core/rdata.h:278:34: note: expanded from macro 'Data_Get_Struct'
  278 |     ((sval) = RBIMPL_CAST((type*)rb_data_object_get(obj)))
      |                                  ^
/opt/homebrew/Cellar/ruby/4.0.6_1/include/ruby-4.0.0/ruby/internal/core/rdata.h:370:31: note: expanded from macro 'rb_data_object_get'
  370 | #define rb_data_object_get    RUBY_MACRO_SELECT(rb_data_object_get_2, RUBY_UNTYPED_DATA_WARNING)
      |                               ^
/opt/homebrew/Cellar/ruby/4.0.6_1/include/ruby-4.0.0/ruby/internal/core/rdata.h:50:35: note: expanded from macro 'RUBY_MACRO_SELECT'
   50 | #define RUBY_MACRO_SELECT(x, y)   RBIMPL_MACRO_SELECT(x, y)
      |                                   ^
/opt/homebrew/Cellar/ruby/4.0.6_1/include/ruby-4.0.0/ruby/internal/core/rdata.h:49:35: note: expanded from macro 'RBIMPL_MACRO_SELECT'
   49 | #define RBIMPL_MACRO_SELECT(x, y) x ## y
      |                                   ^
<scratch space>:211:1: note: expanded from here
  211 | rb_data_object_get_1
      | ^
/opt/homebrew/Cellar/ruby/4.0.6_1/include/ruby-4.0.0/ruby/internal/core/rdata.h:368:31: note: expanded from macro 'rb_data_object_get_1'
  368 | #define rb_data_object_get_1  rb_data_object_get_warning
      |                               ^
/opt/homebrew/Cellar/ruby/4.0.6_1/include/ruby-4.0.0/ruby/internal/core/rdata.h:317:1: note: 'rb_data_object_get_warning' has been explicitly marked deprecated here
  317 | RBIMPL_ATTRSET_UNTYPED_DATA_FUNC()
      | ^
/opt/homebrew/Cellar/ruby/4.0.6_1/include/ruby-4.0.0/ruby/internal/core/rdata.h:47:5: note: expanded from macro 'RBIMPL_ATTRSET_UNTYPED_DATA_FUNC'
   47 |     RBIMPL_ATTR_DEPRECATED(("by TypedData"))
      |     ^
/opt/homebrew/Cellar/ruby/4.0.6_1/include/ruby-4.0.0/ruby/internal/attr/deprecated.h:36:53: note: expanded from macro 'RBIMPL_ATTR_DEPRECATED'
   36 | # define RBIMPL_ATTR_DEPRECATED(msg) __attribute__((__deprecated__ msg))
      |                                                     ^
commonmarker.c:921:3: warning: 'rb_data_object_get_warning' is deprecated: by TypedData [-Wdeprecated-declarations]
  921 |   Data_Get_Struct(self, cmark_node, node);
      |   ^
/opt/homebrew/Cellar/ruby/4.0.6_1/include/ruby-4.0.0/ruby/internal/core/rdata.h:278:34: note: expanded from macro 'Data_Get_Struct'
  278 |     ((sval) = RBIMPL_CAST((type*)rb_data_object_get(obj)))
      |                                  ^
/opt/homebrew/Cellar/ruby/4.0.6_1/include/ruby-4.0.0/ruby/internal/core/rdata.h:370:31: note: expanded from macro 'rb_data_object_get'
  370 | #define rb_data_object_get    RUBY_MACRO_SELECT(rb_data_object_get_2, RUBY_UNTYPED_DATA_WARNING)
      |                               ^
/opt/homebrew/Cellar/ruby/4.0.6_1/include/ruby-4.0.0/ruby/internal/core/rdata.h:50:35: note: expanded from macro 'RUBY_MACRO_SELECT'
   50 | #define RUBY_MACRO_SELECT(x, y)   RBIMPL_MACRO_SELECT(x, y)
      |                                   ^
/opt/homebrew/Cellar/ruby/4.0.6_1/include/ruby-4.0.0/ruby/internal/core/rdata.h:49:35: note: expanded from macro 'RBIMPL_MACRO_SELECT'
   49 | #define RBIMPL_MACRO_SELECT(x, y) x ## y
      |                                   ^
<scratch space>:212:1: note: expanded from here
  212 | rb_data_object_get_1
      | ^
/opt/homebrew/Cellar/ruby/4.0.6_1/include/ruby-4.0.0/ruby/internal/core/rdata.h:368:31: note: expanded from macro 'rb_data_object_get_1'
  368 | #define rb_data_object_get_1  rb_data_object_get_warning
      |                               ^
/opt/homebrew/Cellar/ruby/4.0.6_1/include/ruby-4.0.0/ruby/internal/core/rdata.h:317:1: note: 'rb_data_object_get_warning' has been explicitly marked deprecated here
  317 | RBIMPL_ATTRSET_UNTYPED_DATA_FUNC()
      | ^
/opt/homebrew/Cellar/ruby/4.0.6_1/include/ruby-4.0.0/ruby/internal/core/rdata.h:47:5: note: expanded from macro 'RBIMPL_ATTRSET_UNTYPED_DATA_FUNC'
   47 |     RBIMPL_ATTR_DEPRECATED(("by TypedData"))
      |     ^
/opt/homebrew/Cellar/ruby/4.0.6_1/include/ruby-4.0.0/ruby/internal/attr/deprecated.h:36:53: note: expanded from macro 'RBIMPL_ATTR_DEPRECATED'
   36 | # define RBIMPL_ATTR_DEPRECATED(msg) __attribute__((__deprecated__ msg))
      |                                                     ^
commonmarker.c:945:3: warning: 'rb_data_object_get_warning' is deprecated: by TypedData [-Wdeprecated-declarations]
  945 |   Data_Get_Struct(self, cmark_node, node);
      |   ^
/opt/homebrew/Cellar/ruby/4.0.6_1/include/ruby-4.0.0/ruby/internal/core/rdata.h:278:34: note: expanded from macro 'Data_Get_Struct'
  278 |     ((sval) = RBIMPL_CAST((type*)rb_data_object_get(obj)))
      |                                  ^
/opt/homebrew/Cellar/ruby/4.0.6_1/include/ruby-4.0.0/ruby/internal/core/rdata.h:370:31: note: expanded from macro 'rb_data_object_get'
  370 | #define rb_data_object_get    RUBY_MACRO_SELECT(rb_data_object_get_2, RUBY_UNTYPED_DATA_WARNING)
      |                               ^
/opt/homebrew/Cellar/ruby/4.0.6_1/include/ruby-4.0.0/ruby/internal/core/rdata.h:50:35: note: expanded from macro 'RUBY_MACRO_SELECT'
   50 | #define RUBY_MACRO_SELECT(x, y)   RBIMPL_MACRO_SELECT(x, y)
      |                                   ^
/opt/homebrew/Cellar/ruby/4.0.6_1/include/ruby-4.0.0/ruby/internal/core/rdata.h:49:35: note: expanded from macro 'RBIMPL_MACRO_SELECT'
   49 | #define RBIMPL_MACRO_SELECT(x, y) x ## y
      |                                   ^
<scratch space>:213:1: note: expanded from here
  213 | rb_data_object_get_1
      | ^
/opt/homebrew/Cellar/ruby/4.0.6_1/include/ruby-4.0.0/ruby/internal/core/rdata.h:368:31: note: expanded from macro 'rb_data_object_get_1'
  368 | #define rb_data_object_get_1  rb_data_object_get_warning
      |                               ^
/opt/homebrew/Cellar/ruby/4.0.6_1/include/ruby-4.0.0/ruby/internal/core/rdata.h:317:1: note: 'rb_data_object_get_warning' has been explicitly marked deprecated here
  317 | RBIMPL_ATTRSET_UNTYPED_DATA_FUNC()
      | ^
/opt/homebrew/Cellar/ruby/4.0.6_1/include/ruby-4.0.0/ruby/internal/core/rdata.h:47:5: note: expanded from macro 'RBIMPL_ATTRSET_UNTYPED_DATA_FUNC'
   47 |     RBIMPL_ATTR_DEPRECATED(("by TypedData"))
      |     ^
/opt/homebrew/Cellar/ruby/4.0.6_1/include/ruby-4.0.0/ruby/internal/attr/deprecated.h:36:53: note: expanded from macro 'RBIMPL_ATTR_DEPRECATED'
   36 | # define RBIMPL_ATTR_DEPRECATED(msg) __attribute__((__deprecated__ msg))
      |                                                     ^
commonmarker.c:964:3: warning: 'rb_data_object_get_warning' is deprecated: by TypedData [-Wdeprecated-declarations]
  964 |   Data_Get_Struct(self, cmark_node, node);
      |   ^
/opt/homebrew/Cellar/ruby/4.0.6_1/include/ruby-4.0.0/ruby/internal/core/rdata.h:278:34: note: expanded from macro 'Data_Get_Struct'
  278 |     ((sval) = RBIMPL_CAST((type*)rb_data_object_get(obj)))
      |                                  ^
/opt/homebrew/Cellar/ruby/4.0.6_1/include/ruby-4.0.0/ruby/internal/core/rdata.h:370:31: note: expanded from macro 'rb_data_object_get'
  370 | #define rb_data_object_get    RUBY_MACRO_SELECT(rb_data_object_get_2, RUBY_UNTYPED_DATA_WARNING)
      |                               ^
/opt/homebrew/Cellar/ruby/4.0.6_1/include/ruby-4.0.0/ruby/internal/core/rdata.h:50:35: note: expanded from macro 'RUBY_MACRO_SELECT'
   50 | #define RUBY_MACRO_SELECT(x, y)   RBIMPL_MACRO_SELECT(x, y)
      |                                   ^
/opt/homebrew/Cellar/ruby/4.0.6_1/include/ruby-4.0.0/ruby/internal/core/rdata.h:49:35: note: expanded from macro 'RBIMPL_MACRO_SELECT'
   49 | #define RBIMPL_MACRO_SELECT(x, y) x ## y
      |                                   ^
<scratch space>:214:1: note: expanded from here
  214 | rb_data_object_get_1
      | ^
/opt/homebrew/Cellar/ruby/4.0.6_1/include/ruby-4.0.0/ruby/internal/core/rdata.h:368:31: note: expanded from macro 'rb_data_object_get_1'
  368 | #define rb_data_object_get_1  rb_data_object_get_warning
      |                               ^
/opt/homebrew/Cellar/ruby/4.0.6_1/include/ruby-4.0.0/ruby/internal/core/rdata.h:317:1: note: 'rb_data_object_get_warning' has been explicitly marked deprecated here
  317 | RBIMPL_ATTRSET_UNTYPED_DATA_FUNC()
      | ^
/opt/homebrew/Cellar/ruby/4.0.6_1/include/ruby-4.0.0/ruby/internal/core/rdata.h:47:5: note: expanded from macro 'RBIMPL_ATTRSET_UNTYPED_DATA_FUNC'
   47 |     RBIMPL_ATTR_DEPRECATED(("by TypedData"))
      |     ^
/opt/homebrew/Cellar/ruby/4.0.6_1/include/ruby-4.0.0/ruby/internal/attr/deprecated.h:36:53: note: expanded from macro 'RBIMPL_ATTR_DEPRECATED'
   36 | # define RBIMPL_ATTR_DEPRECATED(msg) __attribute__((__deprecated__ msg))
      |                                                     ^
commonmarker.c:985:3: warning: 'rb_data_object_get_warning' is deprecated: by TypedData [-Wdeprecated-declarations]
  985 |   Data_Get_Struct(self, cmark_node, node);
      |   ^
/opt/homebrew/Cellar/ruby/4.0.6_1/include/ruby-4.0.0/ruby/internal/core/rdata.h:278:34: note: expanded from macro 'Data_Get_Struct'
  278 |     ((sval) = RBIMPL_CAST((type*)rb_data_object_get(obj)))
      |                                  ^
/opt/homebrew/Cellar/ruby/4.0.6_1/include/ruby-4.0.0/ruby/internal/core/rdata.h:370:31: note: expanded from macro 'rb_data_object_get'
  370 | #define rb_data_object_get    RUBY_MACRO_SELECT(rb_data_object_get_2, RUBY_UNTYPED_DATA_WARNING)
      |                               ^
/opt/homebrew/Cellar/ruby/4.0.6_1/include/ruby-4.0.0/ruby/internal/core/rdata.h:50:35: note: expanded from macro 'RUBY_MACRO_SELECT'
   50 | #define RUBY_MACRO_SELECT(x, y)   RBIMPL_MACRO_SELECT(x, y)
      |                                   ^
/opt/homebrew/Cellar/ruby/4.0.6_1/include/ruby-4.0.0/ruby/internal/core/rdata.h:49:35: note: expanded from macro 'RBIMPL_MACRO_SELECT'
   49 | #define RBIMPL_MACRO_SELECT(x, y) x ## y
      |                                   ^
<scratch space>:215:1: note: expanded from here
  215 | rb_data_object_get_1
      | ^
/opt/homebrew/Cellar/ruby/4.0.6_1/include/ruby-4.0.0/ruby/internal/core/rdata.h:368:31: note: expanded from macro 'rb_data_object_get_1'
  368 | #define rb_data_object_get_1  rb_data_object_get_warning
      |                               ^
/opt/homebrew/Cellar/ruby/4.0.6_1/include/ruby-4.0.0/ruby/internal/core/rdata.h:317:1: note: 'rb_data_object_get_warning' has been explicitly marked deprecated here
  317 | RBIMPL_ATTRSET_UNTYPED_DATA_FUNC()
      | ^
/opt/homebrew/Cellar/ruby/4.0.6_1/include/ruby-4.0.0/ruby/internal/core/rdata.h:47:5: note: expanded from macro 'RBIMPL_ATTRSET_UNTYPED_DATA_FUNC'
   47 |     RBIMPL_ATTR_DEPRECATED(("by TypedData"))
      |     ^
/opt/homebrew/Cellar/ruby/4.0.6_1/include/ruby-4.0.0/ruby/internal/attr/deprecated.h:36:53: note: expanded from macro 'RBIMPL_ATTR_DEPRECATED'
   36 | # define RBIMPL_ATTR_DEPRECATED(msg) __attribute__((__deprecated__ msg))
      |                                                     ^
commonmarker.c:1004:3: warning: 'rb_data_object_get_warning' is deprecated: by TypedData [-Wdeprecated-declarations]
 1004 |   Data_Get_Struct(self, cmark_node, node);
      |   ^
/opt/homebrew/Cellar/ruby/4.0.6_1/include/ruby-4.0.0/ruby/internal/core/rdata.h:278:34: note: expanded from macro 'Data_Get_Struct'
  278 |     ((sval) = RBIMPL_CAST((type*)rb_data_object_get(obj)))
      |                                  ^
/opt/homebrew/Cellar/ruby/4.0.6_1/include/ruby-4.0.0/ruby/internal/core/rdata.h:370:31: note: expanded from macro 'rb_data_object_get'
  370 | #define rb_data_object_get    RUBY_MACRO_SELECT(rb_data_object_get_2, RUBY_UNTYPED_DATA_WARNING)
      |                               ^
/opt/homebrew/Cellar/ruby/4.0.6_1/include/ruby-4.0.0/ruby/internal/core/rdata.h:50:35: note: expanded from macro 'RUBY_MACRO_SELECT'
   50 | #define RUBY_MACRO_SELECT(x, y)   RBIMPL_MACRO_SELECT(x, y)
      |                                   ^
/opt/homebrew/Cellar/ruby/4.0.6_1/include/ruby-4.0.0/ruby/internal/core/rdata.h:49:35: note: expanded from macro 'RBIMPL_MACRO_SELECT'
   49 | #define RBIMPL_MACRO_SELECT(x, y) x ## y
      |                                   ^
<scratch space>:216:1: note: expanded from here
  216 | rb_data_object_get_1
      | ^
/opt/homebrew/Cellar/ruby/4.0.6_1/include/ruby-4.0.0/ruby/internal/core/rdata.h:368:31: note: expanded from macro 'rb_data_object_get_1'
  368 | #define rb_data_object_get_1  rb_data_object_get_warning
      |                               ^
/opt/homebrew/Cellar/ruby/4.0.6_1/include/ruby-4.0.0/ruby/internal/core/rdata.h:317:1: note: 'rb_data_object_get_warning' has been explicitly marked deprecated here
  317 | RBIMPL_ATTRSET_UNTYPED_DATA_FUNC()
      | ^
/opt/homebrew/Cellar/ruby/4.0.6_1/include/ruby-4.0.0/ruby/internal/core/rdata.h:47:5: note: expanded from macro 'RBIMPL_ATTRSET_UNTYPED_DATA_FUNC'
   47 |     RBIMPL_ATTR_DEPRECATED(("by TypedData"))
      |     ^
/opt/homebrew/Cellar/ruby/4.0.6_1/include/ruby-4.0.0/ruby/internal/attr/deprecated.h:36:53: note: expanded from macro 'RBIMPL_ATTR_DEPRECATED'
   36 | # define RBIMPL_ATTR_DEPRECATED(msg) __attribute__((__deprecated__ msg))
      |                                                     ^
commonmarker.c:1027:3: warning: 'rb_data_object_get_warning' is deprecated: by TypedData [-Wdeprecated-declarations]
 1027 |   Data_Get_Struct(self, cmark_node, node);
      |   ^
/opt/homebrew/Cellar/ruby/4.0.6_1/include/ruby-4.0.0/ruby/internal/core/rdata.h:278:34: note: expanded from macro 'Data_Get_Struct'
  278 |     ((sval) = RBIMPL_CAST((type*)rb_data_object_get(obj)))
      |                                  ^
/opt/homebrew/Cellar/ruby/4.0.6_1/include/ruby-4.0.0/ruby/internal/core/rdata.h:370:31: note: expanded from macro 'rb_data_object_get'
  370 | #define rb_data_object_get    RUBY_MACRO_SELECT(rb_data_object_get_2, RUBY_UNTYPED_DATA_WARNING)
      |                               ^
/opt/homebrew/Cellar/ruby/4.0.6_1/include/ruby-4.0.0/ruby/internal/core/rdata.h:50:35: note: expanded from macro 'RUBY_MACRO_SELECT'
   50 | #define RUBY_MACRO_SELECT(x, y)   RBIMPL_MACRO_SELECT(x, y)
      |                                   ^
/opt/homebrew/Cellar/ruby/4.0.6_1/include/ruby-4.0.0/ruby/internal/core/rdata.h:49:35: note: expanded from macro 'RBIMPL_MACRO_SELECT'
   49 | #define RBIMPL_MACRO_SELECT(x, y) x ## y
      |                                   ^
<scratch space>:217:1: note: expanded from here
  217 | rb_data_object_get_1
      | ^
/opt/homebrew/Cellar/ruby/4.0.6_1/include/ruby-4.0.0/ruby/internal/core/rdata.h:368:31: note: expanded from macro 'rb_data_object_get_1'
  368 | #define rb_data_object_get_1  rb_data_object_get_warning
      |                               ^
/opt/homebrew/Cellar/ruby/4.0.6_1/include/ruby-4.0.0/ruby/internal/core/rdata.h:317:1: note: 'rb_data_object_get_warning' has been explicitly marked deprecated here
  317 | RBIMPL_ATTRSET_UNTYPED_DATA_FUNC()
      | ^
/opt/homebrew/Cellar/ruby/4.0.6_1/include/ruby-4.0.0/ruby/internal/core/rdata.h:47:5: note: expanded from macro 'RBIMPL_ATTRSET_UNTYPED_DATA_FUNC'
   47 |     RBIMPL_ATTR_DEPRECATED(("by TypedData"))
      |     ^
/opt/homebrew/Cellar/ruby/4.0.6_1/include/ruby-4.0.0/ruby/internal/attr/deprecated.h:36:53: note: expanded from macro 'RBIMPL_ATTR_DEPRECATED'
   36 | # define RBIMPL_ATTR_DEPRECATED(msg) __attribute__((__deprecated__ msg))
      |                                                     ^
commonmarker.c:1042:3: warning: 'rb_data_object_get_warning' is deprecated: by TypedData [-Wdeprecated-declarations]
 1042 |   Data_Get_Struct(self, cmark_node, node);
      |   ^
/opt/homebrew/Cellar/ruby/4.0.6_1/include/ruby-4.0.0/ruby/internal/core/rdata.h:278:34: note: expanded from macro 'Data_Get_Struct'
  278 |     ((sval) = RBIMPL_CAST((type*)rb_data_object_get(obj)))
      |                                  ^
/opt/homebrew/Cellar/ruby/4.0.6_1/include/ruby-4.0.0/ruby/internal/core/rdata.h:370:31: note: expanded from macro 'rb_data_object_get'
  370 | #define rb_data_object_get    RUBY_MACRO_SELECT(rb_data_object_get_2, RUBY_UNTYPED_DATA_WARNING)
      |                               ^
/opt/homebrew/Cellar/ruby/4.0.6_1/include/ruby-4.0.0/ruby/internal/core/rdata.h:50:35: note: expanded from macro 'RUBY_MACRO_SELECT'
   50 | #define RUBY_MACRO_SELECT(x, y)   RBIMPL_MACRO_SELECT(x, y)
      |                                   ^
/opt/homebrew/Cellar/ruby/4.0.6_1/include/ruby-4.0.0/ruby/internal/core/rdata.h:49:35: note: expanded from macro 'RBIMPL_MACRO_SELECT'
   49 | #define RBIMPL_MACRO_SELECT(x, y) x ## y
      |                                   ^
<scratch space>:218:1: note: expanded from here
  218 | rb_data_object_get_1
      | ^
/opt/homebrew/Cellar/ruby/4.0.6_1/include/ruby-4.0.0/ruby/internal/core/rdata.h:368:31: note: expanded from macro 'rb_data_object_get_1'
  368 | #define rb_data_object_get_1  rb_data_object_get_warning
      |                               ^
/opt/homebrew/Cellar/ruby/4.0.6_1/include/ruby-4.0.0/ruby/internal/core/rdata.h:317:1: note: 'rb_data_object_get_warning' has been explicitly marked deprecated here
  317 | RBIMPL_ATTRSET_UNTYPED_DATA_FUNC()
      | ^
/opt/homebrew/Cellar/ruby/4.0.6_1/include/ruby-4.0.0/ruby/internal/core/rdata.h:47:5: note: expanded from macro 'RBIMPL_ATTRSET_UNTYPED_DATA_FUNC'
   47 |     RBIMPL_ATTR_DEPRECATED(("by TypedData"))
      |     ^
/opt/homebrew/Cellar/ruby/4.0.6_1/include/ruby-4.0.0/ruby/internal/attr/deprecated.h:36:53: note: expanded from macro 'RBIMPL_ATTR_DEPRECATED'
   36 | # define RBIMPL_ATTR_DEPRECATED(msg) __attribute__((__deprecated__ msg))
      |                                                     ^
commonmarker.c:1071:3: warning: 'rb_data_object_get_warning' is deprecated: by TypedData [-Wdeprecated-declarations]
 1071 |   Data_Get_Struct(self, cmark_node, node);
      |   ^
/opt/homebrew/Cellar/ruby/4.0.6_1/include/ruby-4.0.0/ruby/internal/core/rdata.h:278:34: note: expanded from macro 'Data_Get_Struct'
  278 |     ((sval) = RBIMPL_CAST((type*)rb_data_object_get(obj)))
      |                                  ^
/opt/homebrew/Cellar/ruby/4.0.6_1/include/ruby-4.0.0/ruby/internal/core/rdata.h:370:31: note: expanded from macro 'rb_data_object_get'
  370 | #define rb_data_object_get    RUBY_MACRO_SELECT(rb_data_object_get_2, RUBY_UNTYPED_DATA_WARNING)
      |                               ^
/opt/homebrew/Cellar/ruby/4.0.6_1/include/ruby-4.0.0/ruby/internal/core/rdata.h:50:35: note: expanded from macro 'RUBY_MACRO_SELECT'
   50 | #define RUBY_MACRO_SELECT(x, y)   RBIMPL_MACRO_SELECT(x, y)
      |                                   ^
/opt/homebrew/Cellar/ruby/4.0.6_1/include/ruby-4.0.0/ruby/internal/core/rdata.h:49:35: note: expanded from macro 'RBIMPL_MACRO_SELECT'
   49 | #define RBIMPL_MACRO_SELECT(x, y) x ## y
      |                                   ^
<scratch space>:219:1: note: expanded from here
  219 | rb_data_object_get_1
      | ^
/opt/homebrew/Cellar/ruby/4.0.6_1/include/ruby-4.0.0/ruby/internal/core/rdata.h:368:31: note: expanded from macro 'rb_data_object_get_1'
  368 | #define rb_data_object_get_1  rb_data_object_get_warning
      |                               ^
/opt/homebrew/Cellar/ruby/4.0.6_1/include/ruby-4.0.0/ruby/internal/core/rdata.h:317:1: note: 'rb_data_object_get_warning' has been explicitly marked deprecated here
  317 | RBIMPL_ATTRSET_UNTYPED_DATA_FUNC()
      | ^
/opt/homebrew/Cellar/ruby/4.0.6_1/include/ruby-4.0.0/ruby/internal/core/rdata.h:47:5: note: expanded from macro 'RBIMPL_ATTRSET_UNTYPED_DATA_FUNC'
   47 |     RBIMPL_ATTR_DEPRECATED(("by TypedData"))
      |     ^
/opt/homebrew/Cellar/ruby/4.0.6_1/include/ruby-4.0.0/ruby/internal/attr/deprecated.h:36:53: note: expanded from macro 'RBIMPL_ATTR_DEPRECATED'
   36 | # define RBIMPL_ATTR_DEPRECATED(msg) __attribute__((__deprecated__ msg))
      |                                                     ^
commonmarker.c:1077:27: warning: implicit conversion loses integer precision: 'long' to 'bufsize_t' (aka 'int') [-Wshorten-64-to-32]
 1076 |   if (houdini_escape_href(&buf, (const uint8_t *)RSTRING_PTR(rb_text),
      |       ~~~~~~~~~~~~~~~~~~~
 1077 |                           RSTRING_LEN(rb_text))) {
      |                           ^~~~~~~~~~~~~~~~~~~~
/opt/homebrew/Cellar/ruby/4.0.6_1/include/ruby-4.0.0/ruby/internal/core/rstring.h:46:27: note: expanded from macro 'RSTRING_LEN'
   46 | #define RSTRING_LEN       RSTRING_LEN
      |                           ^
commonmarker.c:1091:3: warning: 'rb_data_object_get_warning' is deprecated: by TypedData [-Wdeprecated-declarations]
 1091 |   Data_Get_Struct(self, cmark_node, node);
      |   ^
/opt/homebrew/Cellar/ruby/4.0.6_1/include/ruby-4.0.0/ruby/internal/core/rdata.h:278:34: note: expanded from macro 'Data_Get_Struct'
  278 |     ((sval) = RBIMPL_CAST((type*)rb_data_object_get(obj)))
      |                                  ^
/opt/homebrew/Cellar/ruby/4.0.6_1/include/ruby-4.0.0/ruby/internal/core/rdata.h:370:31: note: expanded from macro 'rb_data_object_get'
  370 | #define rb_data_object_get    RUBY_MACRO_SELECT(rb_data_object_get_2, RUBY_UNTYPED_DATA_WARNING)
      |                               ^
/opt/homebrew/Cellar/ruby/4.0.6_1/include/ruby-4.0.0/ruby/internal/core/rdata.h:50:35: note: expanded from macro 'RUBY_MACRO_SELECT'
   50 | #define RUBY_MACRO_SELECT(x, y)   RBIMPL_MACRO_SELECT(x, y)
      |                                   ^
/opt/homebrew/Cellar/ruby/4.0.6_1/include/ruby-4.0.0/ruby/internal/core/rdata.h:49:35: note: expanded from macro 'RBIMPL_MACRO_SELECT'
   49 | #define RBIMPL_MACRO_SELECT(x, y) x ## y
      |                                   ^
<scratch space>:220:1: note: expanded from here
  220 | rb_data_object_get_1
      | ^
/opt/homebrew/Cellar/ruby/4.0.6_1/include/ruby-4.0.0/ruby/internal/core/rdata.h:368:31: note: expanded from macro 'rb_data_object_get_1'
  368 | #define rb_data_object_get_1  rb_data_object_get_warning
      |                               ^
/opt/homebrew/Cellar/ruby/4.0.6_1/include/ruby-4.0.0/ruby/internal/core/rdata.h:317:1: note: 'rb_data_object_get_warning' has been explicitly marked deprecated here
  317 | RBIMPL_ATTRSET_UNTYPED_DATA_FUNC()
      | ^
/opt/homebrew/Cellar/ruby/4.0.6_1/include/ruby-4.0.0/ruby/internal/core/rdata.h:47:5: note: expanded from macro 'RBIMPL_ATTRSET_UNTYPED_DATA_FUNC'
   47 |     RBIMPL_ATTR_DEPRECATED(("by TypedData"))
      |     ^
/opt/homebrew/Cellar/ruby/4.0.6_1/include/ruby-4.0.0/ruby/internal/attr/deprecated.h:36:53: note: expanded from macro 'RBIMPL_ATTR_DEPRECATED'
   36 | # define RBIMPL_ATTR_DEPRECATED(msg) __attribute__((__deprecated__ msg))
      |                                                     ^
commonmarker.c:1097:28: warning: implicit conversion loses integer precision: 'long' to 'bufsize_t' (aka 'int') [-Wshorten-64-to-32]
 1096 |   if (houdini_escape_html0(&buf, (const uint8_t *)RSTRING_PTR(rb_text),
      |       ~~~~~~~~~~~~~~~~~~~~
 1097 |                            RSTRING_LEN(rb_text), 0)) {
      |                            ^~~~~~~~~~~~~~~~~~~~
/opt/homebrew/Cellar/ruby/4.0.6_1/include/ruby-4.0.0/ruby/internal/core/rstring.h:46:27: note: expanded from macro 'RSTRING_LEN'
   46 | #define RSTRING_LEN       RSTRING_LEN
      |                           ^
compiling houdini_href_e.c
compiling houdini_html_e.c
compiling houdini_html_u.c
compiling html.c
47 warnings generated.
compiling inlines.c
compiling iterator.c
compiling latex.c
compiling linked_list.c
compiling man.c
compiling map.c
compiling node.c
compiling plaintext.c
compiling plugin.c
compiling references.c
compiling registry.c
compiling render.c
compiling scanners.c
compiling strikethrough.c
compiling syntax_extension.c
compiling table.c
compiling tagfilter.c
compiling utf8.c
compiling xml.c
linking shared-object commonmarker/commonmarker.bundle

current directory: /Users/jabinnendyk/Desktop/Home/Github/Jabinnendyk.github.io/vendor/bundle/ruby/4.0.0/gems/commonmarker-0.17.13/ext/commonmarker
make -j3 DESTDIR\= sitearchdir\=./.gem.20260914-77049-tl5a7b sitelibdir\=./.gem.20260914-77049-tl5a7b install
/usr/bin/install -c -m 0755 commonmarker.bundle ./.gem.20260914-77049-tl5a7b/commonmarker

current directory: /Users/jabinnendyk/Desktop/Home/Github/Jabinnendyk.github.io/vendor/bundle/ruby/4.0.0/gems/commonmarker-0.17.13/ext/commonmarker
make DESTDIR\= sitearchdir\=./.gem.20260914-77049-tl5a7b sitelibdir\=./.gem.20260914-77049-tl5a7b clean
